Archive member included to satisfy reference by file (symbol)

C:/Program Files/Arm/GNU Toolchain mingw-w64-x86_64-arm-none-eabi/bin/../lib/gcc/arm-none-eabi/15.2.1/../../../../arm-none-eabi/lib/thumb/v7e-m+fp/hard\libc_nano.a(libc_a-exit.o)
                              C:/Program Files/Arm/GNU Toolchain mingw-w64-x86_64-arm-none-eabi/bin/../lib/gcc/arm-none-eabi/15.2.1/../../../../arm-none-eabi/lib/thumb/v7e-m+fp/hard/crt0.o (exit)
C:/Program Files/Arm/GNU Toolchain mingw-w64-x86_64-arm-none-eabi/bin/../lib/gcc/arm-none-eabi/15.2.1/../../../../arm-none-eabi/lib/thumb/v7e-m+fp/hard\libc_nano.a(libc_a-findfp.o)
                              build/tasks.o (__sf)
C:/Program Files/Arm/GNU Toolchain mingw-w64-x86_64-arm-none-eabi/bin/../lib/gcc/arm-none-eabi/15.2.1/../../../../arm-none-eabi/lib/thumb/v7e-m+fp/hard\libc_nano.a(libc_a-fwalk.o)
                              C:/Program Files/Arm/GNU Toolchain mingw-w64-x86_64-arm-none-eabi/bin/../lib/gcc/arm-none-eabi/15.2.1/../../../../arm-none-eabi/lib/thumb/v7e-m+fp/hard\libc_nano.a(libc_a-findfp.o) (_fwalk_sglue)
C:/Program Files/Arm/GNU Toolchain mingw-w64-x86_64-arm-none-eabi/bin/../lib/gcc/arm-none-eabi/15.2.1/../../../../arm-none-eabi/lib/thumb/v7e-m+fp/hard\libc_nano.a(libc_a-stdio.o)
                              C:/Program Files/Arm/GNU Toolchain mingw-w64-x86_64-arm-none-eabi/bin/../lib/gcc/arm-none-eabi/15.2.1/../../../../arm-none-eabi/lib/thumb/v7e-m+fp/hard\libc_nano.a(libc_a-findfp.o) (__sread)
C:/Program Files/Arm/GNU Toolchain mingw-w64-x86_64-arm-none-eabi/bin/../lib/gcc/arm-none-eabi/15.2.1/../../../../arm-none-eabi/lib/thumb/v7e-m+fp/hard\libc_nano.a(libc_a-memset.o)
                              C:/Program Files/Arm/GNU Toolchain mingw-w64-x86_64-arm-none-eabi/bin/../lib/gcc/arm-none-eabi/15.2.1/../../../../arm-none-eabi/lib/thumb/v7e-m+fp/hard/crt0.o (memset)
C:/Program Files/Arm/GNU Toolchain mingw-w64-x86_64-arm-none-eabi/bin/../lib/gcc/arm-none-eabi/15.2.1/../../../../arm-none-eabi/lib/thumb/v7e-m+fp/hard\libc_nano.a(libc_a-closer.o)
                              C:/Program Files/Arm/GNU Toolchain mingw-w64-x86_64-arm-none-eabi/bin/../lib/gcc/arm-none-eabi/15.2.1/../../../../arm-none-eabi/lib/thumb/v7e-m+fp/hard\libc_nano.a(libc_a-stdio.o) (_close_r)
C:/Program Files/Arm/GNU Toolchain mingw-w64-x86_64-arm-none-eabi/bin/../lib/gcc/arm-none-eabi/15.2.1/../../../../arm-none-eabi/lib/thumb/v7e-m+fp/hard\libc_nano.a(libc_a-reent.o)
                              build/tasks.o (_reclaim_reent)
C:/Program Files/Arm/GNU Toolchain mingw-w64-x86_64-arm-none-eabi/bin/../lib/gcc/arm-none-eabi/15.2.1/../../../../arm-none-eabi/lib/thumb/v7e-m+fp/hard\libc_nano.a(libc_a-impure.o)
                              build/tasks.o (_impure_ptr)
C:/Program Files/Arm/GNU Toolchain mingw-w64-x86_64-arm-none-eabi/bin/../lib/gcc/arm-none-eabi/15.2.1/../../../../arm-none-eabi/lib/thumb/v7e-m+fp/hard\libc_nano.a(libc_a-lseekr.o)
                              C:/Program Files/Arm/GNU Toolchain mingw-w64-x86_64-arm-none-eabi/bin/../lib/gcc/arm-none-eabi/15.2.1/../../../../arm-none-eabi/lib/thumb/v7e-m+fp/hard\libc_nano.a(libc_a-stdio.o) (_lseek_r)
C:/Program Files/Arm/GNU Toolchain mingw-w64-x86_64-arm-none-eabi/bin/../lib/gcc/arm-none-eabi/15.2.1/../../../../arm-none-eabi/lib/thumb/v7e-m+fp/hard\libc_nano.a(libc_a-readr.o)
                              C:/Program Files/Arm/GNU Toolchain mingw-w64-x86_64-arm-none-eabi/bin/../lib/gcc/arm-none-eabi/15.2.1/../../../../arm-none-eabi/lib/thumb/v7e-m+fp/hard\libc_nano.a(libc_a-stdio.o) (_read_r)
C:/Program Files/Arm/GNU Toolchain mingw-w64-x86_64-arm-none-eabi/bin/../lib/gcc/arm-none-eabi/15.2.1/../../../../arm-none-eabi/lib/thumb/v7e-m+fp/hard\libc_nano.a(libc_a-writer.o)
                              C:/Program Files/Arm/GNU Toolchain mingw-w64-x86_64-arm-none-eabi/bin/../lib/gcc/arm-none-eabi/15.2.1/../../../../arm-none-eabi/lib/thumb/v7e-m+fp/hard\libc_nano.a(libc_a-stdio.o) (_write_r)
C:/Program Files/Arm/GNU Toolchain mingw-w64-x86_64-arm-none-eabi/bin/../lib/gcc/arm-none-eabi/15.2.1/../../../../arm-none-eabi/lib/thumb/v7e-m+fp/hard\libc_nano.a(libc_a-errno.o)
                              build/sysmem.o (__errno)
C:/Program Files/Arm/GNU Toolchain mingw-w64-x86_64-arm-none-eabi/bin/../lib/gcc/arm-none-eabi/15.2.1/../../../../arm-none-eabi/lib/thumb/v7e-m+fp/hard\libc_nano.a(libc_a-init.o)
                              C:/Program Files/Arm/GNU Toolchain mingw-w64-x86_64-arm-none-eabi/bin/../lib/gcc/arm-none-eabi/15.2.1/../../../../arm-none-eabi/lib/thumb/v7e-m+fp/hard/crt0.o (__libc_init_array)
C:/Program Files/Arm/GNU Toolchain mingw-w64-x86_64-arm-none-eabi/bin/../lib/gcc/arm-none-eabi/15.2.1/../../../../arm-none-eabi/lib/thumb/v7e-m+fp/hard\libc_nano.a(libc_a-lock.o)
                              C:/Program Files/Arm/GNU Toolchain mingw-w64-x86_64-arm-none-eabi/bin/../lib/gcc/arm-none-eabi/15.2.1/../../../../arm-none-eabi/lib/thumb/v7e-m+fp/hard\libc_nano.a(libc_a-findfp.o) (__retarget_lock_init_recursive)
[...]
Memory Configuration

Name             Origin             Length             Attributes
RAM              0x20000000         0x00020000         xrw
CCMRAM           0x10000000         0x00010000         xrw
FLASH            0x08000000         0x00100000         xr
*default*        0x00000000         0xffffffff

Linker script and memory map

LOAD C:/Program Files/Arm/GNU Toolchain mingw-w64-x86_64-arm-none-eabi/bin/../lib/gcc/arm-none-eabi/15.2.1/thumb/v7e-m+fp/hard/crti.o
LOAD C:/Program Files/Arm/GNU Toolchain mingw-w64-x86_64-arm-none-eabi/bin/../lib/gcc/arm-none-eabi/15.2.1/thumb/v7e-m+fp/hard/crtbegin.o
LOAD C:/Program Files/Arm/GNU Toolchain mingw-w64-x86_64-arm-none-eabi/bin/../lib/gcc/arm-none-eabi/15.2.1/../../../../arm-none-eabi/lib/thumb/v7e-m+fp/hard/crt0.o
LOAD build/main.o
LOAD build/freertos.o
LOAD build/stm32f4xx_it.o
LOAD build/stm32f4xx_hal_msp.o
LOAD build/stm32f4xx_hal_rcc.o
LOAD build/stm32f4xx_hal_rcc_ex.o
LOAD build/stm32f4xx_hal_flash.o
LOAD build/stm32f4xx_hal_flash_ex.o
LOAD build/stm32f4xx_hal_flash_ramfunc.o
LOAD build/stm32f4xx_hal_gpio.o
LOAD build/stm32f4xx_hal_dma_ex.o
LOAD build/stm32f4xx_hal_dma.o
LOAD build/stm32f4xx_hal_pwr.o
LOAD build/stm32f4xx_hal_pwr_ex.o
LOAD build/stm32f4xx_hal_cortex.o
LOAD build/stm32f4xx_hal.o
LOAD build/stm32f4xx_hal_exti.o
LOAD build/system_stm32f4xx.o
LOAD build/croutine.o
LOAD build/event_groups.o
LOAD build/list.o
LOAD build/queue.o
LOAD build/stream_buffer.o
LOAD build/tasks.o
LOAD build/timers.o
LOAD build/cmsis_os2.o
LOAD build/heap_4.o
LOAD build/port.o
LOAD build/sysmem.o
LOAD build/syscalls.o
LOAD build/stm32f4xx_hal_timebase_tim.o
LOAD build/stm32f4xx_hal_tim.o
LOAD build/stm32f4xx_hal_tim_ex.o
LOAD build/startup_stm32f407xx.o
LOAD C:/Program Files/Arm/GNU Toolchain mingw-w64-x86_64-arm-none-eabi/bin/../lib/gcc/arm-none-eabi/15.2.1/../../../../arm-none-eabi/lib/thumb/v7e-m+fp/hard\libc_nano.a
LOAD C:/Program Files/Arm/GNU Toolchain mingw-w64-x86_64-arm-none-eabi/bin/../lib/gcc/arm-none-eabi/15.2.1/../../../../arm-none-eabi/lib/thumb/v7e-m+fp/hard\libm.a
LOAD C:/Program Files/Arm/GNU Toolchain mingw-w64-x86_64-arm-none-eabi/bin/../lib/gcc/arm-none-eabi/15.2.1/../../../../arm-none-eabi/lib/thumb/v7e-m+fp/hard\libnosys.a
START GROUP
LOAD C:/Program Files/Arm/GNU Toolchain mingw-w64-x86_64-arm-none-eabi/bin/../lib/gcc/arm-none-eabi/15.2.1/thumb/v7e-m+fp/hard\libgcc.a
LOAD C:/Program Files/Arm/GNU Toolchain mingw-w64-x86_64-arm-none-eabi/bin/../lib/gcc/arm-none-eabi/15.2.1/../../../../arm-none-eabi/lib/thumb/v7e-m+fp/hard\libc_nano.a
END GROUP
START GROUP
LOAD C:/Program Files/Arm/GNU Toolchain mingw-w64-x86_64-arm-none-eabi/bin/../lib/gcc/arm-none-eabi/15.2.1/thumb/v7e-m+fp/hard\libgcc.a
LOAD C:/Program Files/Arm/GNU Toolchain mingw-w64-x86_64-arm-none-eabi/bin/../lib/gcc/arm-none-eabi/15.2.1/../../../../arm-none-eabi/lib/thumb/v7e-m+fp/hard\libc_nano.a
END GROUP
LOAD C:/Program Files/Arm/GNU Toolchain mingw-w64-x86_64-arm-none-eabi/bin/../lib/gcc/arm-none-eabi/15.2.1/thumb/v7e-m+fp/hard/crtend.o
LOAD C:/Program Files/Arm/GNU Toolchain mingw-w64-x86_64-arm-none-eabi/bin/../lib/gcc/arm-none-eabi/15.2.1/thumb/v7e-m+fp/hard/crtn.o
                0x20020000                        _estack = (ORIGIN (RAM) + LENGTH (RAM))
                0x2001fc00                        _sstack = (_estack - _Min_Stack_Size)
                0x00000200                        _Min_Heap_Size = 0x200
                0x00000400                        _Min_Stack_Size = 0x400

.isr_vector     0x08000000      0x188
                0x08000000                        . = ALIGN (0x4)
 *(.isr_vector)
 .isr_vector    0x08000000      0x188 build/startup_stm32f407xx.o
                0x08000000                g_pfnVectors
                0x08000188                        . = ALIGN (0x4)

.text           0x08000190     0x34d4
                0x08000190                        . = ALIGN (0x4)
 *(.text)
 .text          0x08000190       0x30 C:/Program Files/Arm/GNU Toolchain mingw-w64-x86_64-arm-none-eabi/bin/../lib/gcc/arm-none-eabi/15.2.1/thumb/v7e-m+fp/hard\libgcc.a(_aeabi_uldivmod.o)
                0x08000190                __aeabi_uldivmod
 .text          0x080001c0        0x4 C:/Program Files/Arm/GNU Toolchain mingw-w64-x86_64-arm-none-eabi/bin/../lib/gcc/arm-none-eabi/15.2.1/thumb/v7e-m+fp/hard\libgcc.a(_dvmd_tls.o)
                0x080001c0                __aeabi_idiv0
                0x080001c0                __aeabi_ldiv0
 *(.text*)
 .text.deregister_tm_clones
                0x080001c4       0x1c C:/Program Files/Arm/GNU Toolchain mingw-w64-x86_64-arm-none-eabi/bin/../lib/gcc/arm-none-eabi/15.2.1/thumb/v7e-m+fp/hard/crtbegin.o
 .text.register_tm_clones
                0x080001e0       0x24 C:/Program Files/Arm/GNU Toolchain mingw-w64-x86_64-arm-none-eabi/bin/../lib/gcc/arm-none-eabi/15.2.1/thumb/v7e-m+fp/hard/crtbegin.o
 .text.__do_global_dtors_aux
                0x08000204       0x28 C:/Program Files/Arm/GNU Toolchain mingw-w64-x86_64-arm-none-eabi/bin/../lib/gcc/arm-none-eabi/15.2.1/thumb/v7e-m+fp/hard/crtbegin.o
 .text.frame_dummy
                0x0800022c       0x24 C:/Program Files/Arm/GNU Toolchain mingw-w64-x86_64-arm-none-eabi/bin/../lib/gcc/arm-none-eabi/15.2.1/thumb/v7e-m+fp/hard/crtbegin.o
 .text.MX_GPIO_Init
                0x08000250      0x218 build/main.o
 .text.StartDefaultTask
                0x08000468        0xa build/main.o
                0x08000468                StartDefaultTask
 *fill*         0x08000472        0x2 
 .text.HAL_TIM_PeriodElapsedCallback
                0x08000474       0x18 build/main.o
                0x08000474                HAL_TIM_PeriodElapsedCallback
 .text.Error_Handler
                0x0800048c        0x4 build/main.o
                0x0800048c                Error_Handler
 .text.SystemClock_Config
                0x08000490       0xa4 build/main.o
                0x08000490                SystemClock_Config
 .text.main     0x08000534       0x34 build/main.o
                0x08000534                main
 .text.NMI_Handler
                0x08000568        0x2 build/stm32f4xx_it.o
                0x08000568                NMI_Handler
 .text.HardFault_Handler
                0x0800056a        0x2 build/stm32f4xx_it.o
                0x0800056a                HardFault_Handler
 .text.MemManage_Handler
                0x0800056c        0x2 build/stm32f4xx_it.o
                0x0800056c                MemManage_Handler
 .text.BusFault_Handler
                0x0800056e        0x2 build/stm32f4xx_it.o
                0x0800056e                BusFault_Handler
 .text.UsageFault_Handler
                0x08000570        0x2 build/stm32f4xx_it.o
                0x08000570                UsageFault_Handler
 .text.DebugMon_Handler
                0x08000572        0x2 build/stm32f4xx_it.o
                0x08000572                DebugMon_Handler
 .text.TIM6_DAC_IRQHandler
                0x08000574       0x10 build/stm32f4xx_it.o
                0x08000574                TIM6_DAC_IRQHandler
 .text.HAL_MspInit
                0x08000584       0x44 build/stm32f4xx_hal_msp.o
                0x08000584                HAL_MspInit
 .text.HAL_RCC_OscConfig
                0x080005c8      0x3fc build/stm32f4xx_hal_rcc.o
                0x080005c8                HAL_RCC_OscConfig
 .text.HAL_RCC_GetSysClockFreq
                0x080009c4       0xdc build/stm32f4xx_hal_rcc.o
                0x080009c4                HAL_RCC_GetSysClockFreq
 .text.HAL_RCC_ClockConfig
                0x08000aa0      0x160 build/stm32f4xx_hal_rcc.o
                0x08000aa0                HAL_RCC_ClockConfig
 .text.HAL_RCC_GetHCLKFreq
                0x08000c00        0xc build/stm32f4xx_hal_rcc.o
                0x08000c00                HAL_RCC_GetHCLKFreq
 .text.HAL_RCC_GetPCLK1Freq
                0x08000c0c       0x20 build/stm32f4xx_hal_rcc.o
                0x08000c0c                HAL_RCC_GetPCLK1Freq
 .text.HAL_RCC_GetClockConfig
                0x08000c2c       0x3c build/stm32f4xx_hal_rcc.o
                0x08000c2c                HAL_RCC_GetClockConfig
 .text.HAL_GPIO_Init
                0x08000c68      0x208 build/stm32f4xx_hal_gpio.o
                0x08000c68                HAL_GPIO_Init
 .text.HAL_GPIO_WritePin
                0x08000e70        0xc build/stm32f4xx_hal_gpio.o
                0x08000e70                HAL_GPIO_WritePin
 .text.__NVIC_EnableIRQ
                0x08000e7c       0x1c build/stm32f4xx_hal_cortex.o
 .text.__NVIC_SetPriority
                0x08000e98       0x28 build/stm32f4xx_hal_cortex.o
 .text.NVIC_EncodePriority
                0x08000ec0       0x46 build/stm32f4xx_hal_cortex.o
 *fill*         0x08000f06        0x2 
 .text.HAL_NVIC_SetPriorityGrouping
                0x08000f08       0x24 build/stm32f4xx_hal_cortex.o
                0x08000f08                HAL_NVIC_SetPriorityGrouping
 .text.HAL_NVIC_SetPriority
                0x08000f2c       0x20 build/stm32f4xx_hal_cortex.o
                0x08000f2c                HAL_NVIC_SetPriority
 .text.HAL_NVIC_EnableIRQ
                0x08000f4c        0x8 build/stm32f4xx_hal_cortex.o
                0x08000f4c                HAL_NVIC_EnableIRQ
 .text.HAL_Init
                0x08000f54       0x34 build/stm32f4xx_hal.o
                0x08000f54                HAL_Init
 .text.HAL_IncTick
                0x08000f88       0x18 build/stm32f4xx_hal.o
                0x08000f88                HAL_IncTick
 .text.HAL_GetTick
                0x08000fa0        0xc build/stm32f4xx_hal.o
                0x08000fa0                HAL_GetTick
 .text.SystemInit
                0x08000fac       0x14 build/system_stm32f4xx.o
                0x08000fac                SystemInit
 .text.vListInitialise
                0x08000fc0       0x16 build/list.o
                0x08000fc0                vListInitialise
 .text.vListInitialiseItem
                0x08000fd6        0x6 build/list.o
                0x08000fd6                vListInitialiseItem
 .text.vListInsertEnd
                0x08000fdc       0x16 build/list.o
                0x08000fdc                vListInsertEnd
 .text.vListInsert
                0x08000ff2       0x38 build/list.o
                0x08000ff2                vListInsert
 .text.uxListRemove
                0x0800102a       0x26 build/list.o
                0x0800102a                uxListRemove
 .text.prvIsQueueFull
                0x08001050       0x1e build/queue.o
 .text.prvIsQueueEmpty
                0x0800106e       0x1e build/queue.o
 .text.prvCopyDataToQueue
                0x0800108c       0x76 build/queue.o
 .text.prvCopyDataFromQueue
                0x08001102       0x24 build/queue.o
 .text.prvUnlockQueue
                0x08001126       0x6e build/queue.o
 .text.xQueueGenericReset
                0x08001194       0x84 build/queue.o
                0x08001194                xQueueGenericReset
 .text.prvInitialiseNewQueue
                0x08001218       0x22 build/queue.o
 .text.xQueueGenericCreateStatic
                0x0800123a       0x94 build/queue.o
                0x0800123a                xQueueGenericCreateStatic
 .text.xQueueGenericSend
                0x080012ce      0x188 build/queue.o
                0x080012ce                xQueueGenericSend
 .text.xQueueGenericSendFromISR
                0x08001456       0xd2 build/queue.o
                0x08001456                xQueueGenericSendFromISR
 .text.xQueueReceive
                0x08001528      0x15e build/queue.o
                0x08001528                xQueueReceive
 *fill*         0x08001686        0x2 
 .text.vQueueAddToRegistry
                0x08001688       0x28 build/queue.o
                0x08001688                vQueueAddToRegistry
 .text.vQueueWaitForMessageRestricted
                0x080016b0       0x52 build/queue.o
                0x080016b0                vQueueWaitForMessageRestricted
 *fill*         0x08001702        0x2 
 .text.prvResetNextTaskUnblockTime
                0x08001704       0x2c build/tasks.o
 .text.prvInitialiseNewTask
                0x08001730       0xfc build/tasks.o
 .text.prvInitialiseTaskLists
                0x0800182c       0x68 build/tasks.o
 .text.prvAddNewTaskToReadyList
                0x08001894       0xac build/tasks.o
 .text.prvDeleteTCB
                0x08001940       0x40 build/tasks.o
 .text.prvCheckTasksWaitingTermination
                0x08001980       0x4c build/tasks.o
 .text.prvIdleTask
                0x080019cc       0x28 build/tasks.o
 .text.prvAddCurrentTaskToDelayedList
                0x080019f4       0x7c build/tasks.o
 .text.xTaskCreateStatic
                0x08001a70       0x84 build/tasks.o
                0x08001a70                xTaskCreateStatic
 .text.xTaskCreate
                0x08001af4       0x64 build/tasks.o
                0x08001af4                xTaskCreate
 .text.vTaskStartScheduler
                0x08001b58       0xa8 build/tasks.o
                0x08001b58                vTaskStartScheduler
 .text.vTaskSuspendAll
                0x08001c00       0x10 build/tasks.o
                0x08001c00                vTaskSuspendAll
 .text.xTaskGetTickCount
                0x08001c10        0xc build/tasks.o
                0x08001c10                xTaskGetTickCount
 .text.xTaskIncrementTick
                0x08001c1c      0x124 build/tasks.o
                0x08001c1c                xTaskIncrementTick
 .text.xTaskResumeAll
                0x08001d40       0xf8 build/tasks.o
                0x08001d40                xTaskResumeAll
 .text.vTaskDelay
                0x08001e38       0x4c build/tasks.o
                0x08001e38                vTaskDelay
 .text.vTaskSwitchContext
                0x08001e84       0xa4 build/tasks.o
                0x08001e84                vTaskSwitchContext
 .text.vTaskPlaceOnEventList
                0x08001f28       0x30 build/tasks.o
                0x08001f28                vTaskPlaceOnEventList
 .text.vTaskPlaceOnEventListRestricted
                0x08001f58       0x3c build/tasks.o
                0x08001f58                vTaskPlaceOnEventListRestricted
 .text.xTaskRemoveFromEventList
                0x08001f94       0x90 build/tasks.o
                0x08001f94                xTaskRemoveFromEventList
 .text.vTaskInternalSetTimeOutState
                0x08002024       0x18 build/tasks.o
                0x08002024                vTaskInternalSetTimeOutState
 .text.xTaskCheckForTimeOut
                0x0800203c       0x88 build/tasks.o
                0x0800203c                xTaskCheckForTimeOut
 .text.vTaskMissedYield
                0x080020c4        0xc build/tasks.o
                0x080020c4                vTaskMissedYield
 .text.xTaskGetSchedulerState
                0x080020d0       0x20 build/tasks.o
                0x080020d0                xTaskGetSchedulerState
 .text.xTaskPriorityDisinherit
                0x080020f0       0x90 build/tasks.o
                0x080020f0                xTaskPriorityDisinherit
 .text.prvGetNextExpireTime
                0x08002180       0x20 build/timers.o
 .text.prvInsertTimerInActiveList
                0x080021a0       0x48 build/timers.o
 .text.prvCheckForValidListAndQueue
                0x080021e8       0x70 build/timers.o
 .text.xTimerCreateTimerTask
                0x08002258       0x64 build/timers.o
                0x08002258                xTimerCreateTimerTask
 .text.xTimerGenericCommand
                0x080022bc       0x68 build/timers.o
                0x080022bc                xTimerGenericCommand
 .text.prvSwitchTimerLists
                0x08002324       0x7c build/timers.o
 .text.prvSampleTimeNow
                0x080023a0       0x2c build/timers.o
 .text.prvProcessExpiredTimer
                0x080023cc       0x6c build/timers.o
 .text.prvProcessTimerOrBlockTask
                0x08002438       0x78 build/timers.o
 .text.prvProcessReceivedCommands
                0x080024b0      0x124 build/timers.o
 .text.prvTimerTask
                0x080025d4       0x16 build/timers.o
 .text.SysTick_Handler
                0x080025ea       0x18 build/cmsis_os2.o
                0x080025ea                SysTick_Handler
 *fill*         0x08002602        0x2 
 .text.osKernelInitialize
                0x08002604       0x24 build/cmsis_os2.o
                0x08002604                osKernelInitialize
 .text.osKernelStart
                0x08002628       0x3c build/cmsis_os2.o
                0x08002628                osKernelStart
 .text.osThreadNew
                0x08002664       0xc4 build/cmsis_os2.o
                0x08002664                osThreadNew
 .text.osDelay  0x08002728       0x1a build/cmsis_os2.o
                0x08002728                osDelay
 *fill*         0x08002742        0x2 
 .text.vApplicationGetIdleTaskMemory
                0x08002744       0x18 build/cmsis_os2.o
                0x08002744                vApplicationGetIdleTaskMemory
 .text.vApplicationGetTimerTaskMemory
                0x0800275c       0x18 build/cmsis_os2.o
                0x0800275c                vApplicationGetTimerTaskMemory
 .text.prvHeapInit
                0x08002774       0x64 build/heap_4.o
 .text.prvInsertBlockIntoFreeList
                0x080027d8       0x5c build/heap_4.o
 .text.pvPortMalloc
                0x08002834      0x104 build/heap_4.o
                0x08002834                pvPortMalloc
 .text.vPortFree
                0x08002938       0x80 build/heap_4.o
                0x08002938                vPortFree
 .text.prvTaskExitError
                0x080029b8       0x40 build/port.o
 .text.prvPortStartFirstTask
                0x080029f8       0x28 build/port.o
 .text.vPortEnableVFP
                0x08002a20       0x14 build/port.o
 .text.pxPortInitialiseStack
                0x08002a34       0x2c build/port.o
                0x08002a34                pxPortInitialiseStack
 .text.SVC_Handler
                0x08002a60       0x24 build/port.o
                0x08002a60                SVC_Handler
 .text.vPortEnterCritical
                0x08002a84       0x44 build/port.o
                0x08002a84                vPortEnterCritical
 .text.vPortExitCritical
                0x08002ac8       0x2c build/port.o
                0x08002ac8                vPortExitCritical
 *fill*         0x08002af4        0xc 
 .text.PendSV_Handler
                0x08002b00       0x64 build/port.o
                0x08002b00                PendSV_Handler
 .text.xPortSysTickHandler
                0x08002b64       0x2c build/port.o
                0x08002b64                xPortSysTickHandler
 .text.vPortSetupTimerInterrupt
                0x08002b90       0x28 build/port.o
                0x08002b90                vPortSetupTimerInterrupt
 .text.xPortStartScheduler
                0x08002bb8      0x11c build/port.o
                0x08002bb8                xPortStartScheduler
 .text.vPortValidateInterruptPriority
                0x08002cd4       0x5c build/port.o
                0x08002cd4                vPortValidateInterruptPriority
 .text.HAL_InitTick
                0x08002d30       0xa8 build/stm32f4xx_hal_timebase_tim.o
                0x08002d30                HAL_InitTick
 .text.HAL_TIM_Base_MspInit
                0x08002dd8        0x2 build/stm32f4xx_hal_tim.o
                0x08002dd8                HAL_TIM_Base_MspInit
 *fill*         0x08002dda        0x2 
 .text.HAL_TIM_Base_Start_IT
                0x08002ddc       0x84 build/stm32f4xx_hal_tim.o
                0x08002ddc                HAL_TIM_Base_Start_IT
 .text.HAL_TIM_OC_DelayElapsedCallback
                0x08002e60        0x2 build/stm32f4xx_hal_tim.o
                0x08002e60                HAL_TIM_OC_DelayElapsedCallback
 .text.HAL_TIM_IC_CaptureCallback
                0x08002e62        0x2 build/stm32f4xx_hal_tim.o
                0x08002e62                HAL_TIM_IC_CaptureCallback
 .text.HAL_TIM_PWM_PulseFinishedCallback
                0x08002e64        0x2 build/stm32f4xx_hal_tim.o
                0x08002e64                HAL_TIM_PWM_PulseFinishedCallback
 .text.HAL_TIM_TriggerCallback
                0x08002e66        0x2 build/stm32f4xx_hal_tim.o
                0x08002e66                HAL_TIM_TriggerCallback
 .text.HAL_TIM_IRQHandler
                0x08002e68      0x15e build/stm32f4xx_hal_tim.o
                0x08002e68                HAL_TIM_IRQHandler
 *fill*         0x08002fc6        0x2 
 .text.TIM_Base_SetConfig
                0x08002fc8       0xd0 build/stm32f4xx_hal_tim.o
                0x08002fc8                TIM_Base_SetConfig
 .text.HAL_TIM_Base_Init
                0x08003098       0x58 build/stm32f4xx_hal_tim.o
                0x08003098                HAL_TIM_Base_Init
 .text.HAL_TIMEx_CommutCallback
                0x080030f0        0x2 build/stm32f4xx_hal_tim_ex.o
                0x080030f0                HAL_TIMEx_CommutCallback
 .text.HAL_TIMEx_BreakCallback
                0x080030f2        0x2 build/stm32f4xx_hal_tim_ex.o
                0x080030f2                HAL_TIMEx_BreakCallback
 .text.Reset_Handler
                0x080030f4       0x50 build/startup_stm32f407xx.o
                0x080030f4                Reset_Handler
 .text.Default_Handler
                0x08003144        0x2 build/startup_stm32f407xx.o
                0x08003144                RTC_Alarm_IRQHandler
                0x08003144                HASH_RNG_IRQHandler
                0x08003144                EXTI2_IRQHandler
                0x08003144                TIM8_CC_IRQHandler
                0x08003144                TIM1_CC_IRQHandler
                0x08003144                DMA2_Stream5_IRQHandler
                0x08003144                DMA1_Stream5_IRQHandler
                0x08003144                PVD_IRQHandler
                0x08003144                SDIO_IRQHandler
                0x08003144                TAMP_STAMP_IRQHandler
                0x08003144                CAN2_RX1_IRQHandler
                0x08003144                EXTI3_IRQHandler
                0x08003144                TIM8_TRG_COM_TIM14_IRQHandler
                0x08003144                TIM1_UP_TIM10_IRQHandler
                0x08003144                TIM8_UP_TIM13_IRQHandler
                0x08003144                I2C3_ER_IRQHandler
                0x08003144                EXTI0_IRQHandler
                0x08003144                I2C2_EV_IRQHandler
                0x08003144                DMA1_Stream2_IRQHandler
                0x08003144                CAN1_RX0_IRQHandler
                0x08003144                FPU_IRQHandler
                0x08003144                OTG_HS_WKUP_IRQHandler
                0x08003144                CAN2_SCE_IRQHandler
                0x08003144                DMA2_Stream2_IRQHandler
                0x08003144                SPI1_IRQHandler
                0x08003144                TIM1_BRK_TIM9_IRQHandler
                0x08003144                DCMI_IRQHandler
                0x08003144                CAN2_RX0_IRQHandler
                0x08003144                DMA2_Stream3_IRQHandler
                0x08003144                USART6_IRQHandler
                0x08003144                USART3_IRQHandler
                0x08003144                CAN1_RX1_IRQHandler
                0x08003144                UART5_IRQHandler
                0x08003144                DMA2_Stream0_IRQHandler
                0x08003144                TIM4_IRQHandler
                0x08003144                I2C1_EV_IRQHandler
                0x08003144                DMA1_Stream6_IRQHandler
                0x08003144                DMA1_Stream1_IRQHandler
                0x08003144                UART4_IRQHandler
                0x08003144                TIM3_IRQHandler
                0x08003144                RCC_IRQHandler
                0x08003144                TIM8_BRK_TIM12_IRQHandler
                0x08003144                Default_Handler
                0x08003144                EXTI15_10_IRQHandler
                0x08003144                ADC_IRQHandler
                0x08003144                DMA1_Stream7_IRQHandler
                0x08003144                TIM7_IRQHandler
                0x08003144                CAN2_TX_IRQHandler
                0x08003144                TIM5_IRQHandler
                0x08003144                DMA2_Stream7_IRQHandler
                0x08003144                I2C3_EV_IRQHandler
                0x08003144                EXTI9_5_IRQHandler
                0x08003144                RTC_WKUP_IRQHandler
                0x08003144                ETH_WKUP_IRQHandler
                0x08003144                SPI2_IRQHandler
                0x08003144                OTG_HS_EP1_IN_IRQHandler
                0x08003144                DMA1_Stream0_IRQHandler
                0x08003144                CAN1_TX_IRQHandler
                0x08003144                EXTI4_IRQHandler
                0x08003144                FSMC_IRQHandler
                0x08003144                ETH_IRQHandler
                0x08003144                OTG_HS_EP1_OUT_IRQHandler
                0x08003144                WWDG_IRQHandler
                0x08003144                TIM2_IRQHandler
                0x08003144                OTG_FS_WKUP_IRQHandler
                0x08003144                TIM1_TRG_COM_TIM11_IRQHandler
                0x08003144                OTG_HS_IRQHandler
                0x08003144                EXTI1_IRQHandler
                0x08003144                USART2_IRQHandler
                0x08003144                I2C2_ER_IRQHandler
                0x08003144                DMA2_Stream1_IRQHandler
                0x08003144                CAN1_SCE_IRQHandler
                0x08003144                FLASH_IRQHandler
                0x08003144                DMA2_Stream4_IRQHandler
                0x08003144                USART1_IRQHandler
                0x08003144                OTG_FS_IRQHandler
                0x08003144                SPI3_IRQHandler
                0x08003144                DMA1_Stream4_IRQHandler
                0x08003144                I2C1_ER_IRQHandler
                0x08003144                DMA2_Stream6_IRQHandler
                0x08003144                DMA1_Stream3_IRQHandler
 .text.memset   0x08003146       0x10 C:/Program Files/Arm/GNU Toolchain mingw-w64-x86_64-arm-none-eabi/bin/../lib/gcc/arm-none-eabi/15.2.1/../../../../arm-none-eabi/lib/thumb/v7e-m+fp/hard\libc_nano.a(libc_a-memset.o)
                0x08003146                memset
 *fill*         0x08003156        0x2 
 .text._reclaim_reent
                0x08003158       0xbc C:/Program Files/Arm/GNU Toolchain mingw-w64-x86_64-arm-none-eabi/bin/../lib/gcc/arm-none-eabi/15.2.1/../../../../arm-none-eabi/lib/thumb/v7e-m+fp/hard\libc_nano.a(libc_a-reent.o)
                0x08003158                _reclaim_reent
 .text.__libc_init_array
                0x08003214       0x48 C:/Program Files/Arm/GNU Toolchain mingw-w64-x86_64-arm-none-eabi/bin/../lib/gcc/arm-none-eabi/15.2.1/../../../../arm-none-eabi/lib/thumb/v7e-m+fp/hard\libc_nano.a(libc_a-init.o)
                0x08003214                __libc_init_array
 .text.__retarget_lock_acquire_recursive
                0x0800325c        0x2 C:/Program Files/Arm/GNU Toolchain mingw-w64-x86_64-arm-none-eabi/bin/../lib/gcc/arm-none-eabi/15.2.1/../../../../arm-none-eabi/lib/thumb/v7e-m+fp/hard\libc_nano.a(libc_a-lock.o)
                0x0800325c                __retarget_lock_acquire_recursive
 .text.__retarget_lock_release_recursive
                0x0800325e        0x2 C:/Program Files/Arm/GNU Toolchain mingw-w64-x86_64-arm-none-eabi/bin/../lib/gcc/arm-none-eabi/15.2.1/../../../../arm-none-eabi/lib/thumb/v7e-m+fp/hard\libc_nano.a(libc_a-lock.o)
                0x0800325e                __retarget_lock_release_recursive
 .text.memcpy   0x08003260       0x1c C:/Program Files/Arm/GNU Toolchain mingw-w64-x86_64-arm-none-eabi/bin/../lib/gcc/arm-none-eabi/15.2.1/../../../../arm-none-eabi/lib/thumb/v7e-m+fp/hard\libc_nano.a(libc_a-memcpy-stub.o)
                0x08003260                memcpy
 .text._free_r  0x0800327c       0x98 C:/Program Files/Arm/GNU Toolchain mingw-w64-x86_64-arm-none-eabi/bin/../lib/gcc/arm-none-eabi/15.2.1/../../../../arm-none-eabi/lib/thumb/v7e-m+fp/hard\libc_nano.a(libc_a-freer.o)
                0x0800327c                _free_r
 .text.__malloc_lock
                0x08003314        0xc C:/Program Files/Arm/GNU Toolchain mingw-w64-x86_64-arm-none-eabi/bin/../lib/gcc/arm-none-eabi/15.2.1/../../../../arm-none-eabi/lib/thumb/v7e-m+fp/hard\libc_nano.a(libc_a-mlock.o)
                0x08003314                __malloc_lock
 .text.__malloc_unlock
                0x08003320        0xc C:/Program Files/Arm/GNU Toolchain mingw-w64-x86_64-arm-none-eabi/bin/../lib/gcc/arm-none-eabi/15.2.1/../../../../arm-none-eabi/lib/thumb/v7e-m+fp/hard\libc_nano.a(libc_a-mlock.o)
                0x08003320                __malloc_unlock
 .text.__udivmoddi4
                0x0800332c      0x320 C:/Program Files/Arm/GNU Toolchain mingw-w64-x86_64-arm-none-eabi/bin/../lib/gcc/arm-none-eabi/15.2.1/thumb/v7e-m+fp/hard\libgcc.a(_udivmoddi4.o)
                0x0800332c                __udivmoddi4
 *(.glue_7)
 .glue_7        0x0800364c        0x0 linker stubs
 *(.glue_7t)
 .glue_7t       0x0800364c        0x0 linker stubs
 *(.eh_frame)
 .eh_frame      0x0800364c        0x0 C:/Program Files/Arm/GNU Toolchain mingw-w64-x86_64-arm-none-eabi/bin/../lib/gcc/arm-none-eabi/15.2.1/thumb/v7e-m+fp/hard/crtbegin.o
 *(.init)
 .init          0x0800364c        0x4 C:/Program Files/Arm/GNU Toolchain mingw-w64-x86_64-arm-none-eabi/bin/../lib/gcc/arm-none-eabi/15.2.1/thumb/v7e-m+fp/hard/crti.o
                0x0800364c                _init
 .init          0x08003650        0x8 C:/Program Files/Arm/GNU Toolchain mingw-w64-x86_64-arm-none-eabi/bin/../lib/gcc/arm-none-eabi/15.2.1/thumb/v7e-m+fp/hard/crtn.o
 *(.fini)
 .fini          0x08003658        0x4 C:/Program Files/Arm/GNU Toolchain mingw-w64-x86_64-arm-none-eabi/bin/../lib/gcc/arm-none-eabi/15.2.1/thumb/v7e-m+fp/hard/crti.o
                0x08003658                _fini
 .fini          0x0800365c        0x8 C:/Program Files/Arm/GNU Toolchain mingw-w64-x86_64-arm-none-eabi/bin/../lib/gcc/arm-none-eabi/15.2.1/thumb/v7e-m+fp/hard/crtn.o
                0x08003664                        . = ALIGN (0x4)
                0x08003664                        _etext = .

.vfp11_veneer   0x08003664        0x0
 .vfp11_veneer  0x08003664        0x0 linker stubs

.v4_bx          0x08003664        0x0
 .v4_bx         0x08003664        0x0 linker stubs

.iplt           0x08003664        0x0
 .iplt          0x08003664        0x0 C:/Program Files/Arm/GNU Toolchain mingw-w64-x86_64-arm-none-eabi/bin/../lib/gcc/arm-none-eabi/15.2.1/thumb/v7e-m+fp/hard/crtbegin.o

.rodata         0x08003664       0x60
                0x08003664                        . = ALIGN (0x4)
 *(.rodata)
 *(.rodata*)
 .rodata.str1.4
                0x08003664       0x24 build/main.o
                                  0xc (size before relaxing)
 .rodata.defaultTask_attributes
                0x08003688       0x24 build/main.o
                0x08003688                defaultTask_attributes
 .rodata.APBPrescTable
                0x080036ac        0x8 build/system_stm32f4xx.o
                0x080036ac                APBPrescTable
 .rodata.AHBPrescTable
                0x080036b4       0x10 build/system_stm32f4xx.o
                0x080036b4                AHBPrescTable
 .rodata.vTaskStartScheduler.str1.4
                0x080036c4        0x0 build/tasks.o
                                  0x5 (size before relaxing)
 .rodata.prvCheckForValidListAndQueue.str1.4
                0x080036c4        0x0 build/timers.o
                                  0x5 (size before relaxing)
 .rodata.xTimerCreateTimerTask.str1.4
                0x080036c4        0x0 build/timers.o
                                  0x8 (size before relaxing)
                0x080036c4                        . = ALIGN (0x4)

.ARM.extab      0x080036c4        0x0
                0x080036c4                        . = ALIGN (0x4)
 *(.ARM.extab* .gnu.linkonce.armextab.*)
                0x080036c4                        . = ALIGN (0x4)

.ARM            0x080036c4        0x8
                0x080036c4                        . = ALIGN (0x4)
                0x080036c4                        __exidx_start = .
 *(.ARM.exidx*)
 .ARM.exidx.text.__udivmoddi4
                0x080036c4        0x8 C:/Program Files/Arm/GNU Toolchain mingw-w64-x86_64-arm-none-eabi/bin/../lib/gcc/arm-none-eabi/15.2.1/thumb/v7e-m+fp/hard\libgcc.a(_udivmoddi4.o)
                0x080036cc                        __exidx_end = .
                0x080036cc                        . = ALIGN (0x4)

.preinit_array  0x080036cc        0x0
                0x080036cc                        . = ALIGN (0x4)
                0x080036cc                        PROVIDE (__preinit_array_start = .)
 *(.preinit_array*)
                0x080036cc                        PROVIDE (__preinit_array_end = .)
                0x080036cc                        . = ALIGN (0x4)

.init_array     0x080036cc        0x4
                0x080036cc                        . = ALIGN (0x4)
                0x080036cc                        PROVIDE (__init_array_start = .)
 *(SORT_BY_NAME(.init_array.*))
 *(.init_array*)
 .init_array    0x080036cc        0x4 C:/Program Files/Arm/GNU Toolchain mingw-w64-x86_64-arm-none-eabi/bin/../lib/gcc/arm-none-eabi/15.2.1/thumb/v7e-m+fp/hard/crtbegin.o
                0x080036d0                        PROVIDE (__init_array_end = .)
                0x080036d0                        . = ALIGN (0x4)

.fini_array     0x080036d0        0x4
                0x080036d0                        . = ALIGN (0x4)
                [!provide]                        PROVIDE (__fini_array_start = .)
 *(SORT_BY_NAME(.fini_array.*))
 *(.fini_array*)
 .fini_array    0x080036d0        0x4 C:/Program Files/Arm/GNU Toolchain mingw-w64-x86_64-arm-none-eabi/bin/../lib/gcc/arm-none-eabi/15.2.1/thumb/v7e-m+fp/hard/crtbegin.o
                [!provide]                        PROVIDE (__fini_array_end = .)
                0x080036d4                        . = ALIGN (0x4)
                0x080036d4                        _sidata = LOADADDR (.data)

.rel.dyn        0x080036d4        0x0
 .rel.iplt      0x080036d4        0x0 C:/Program Files/Arm/GNU Toolchain mingw-w64-x86_64-arm-none-eabi/bin/../lib/gcc/arm-none-eabi/15.2.1/thumb/v7e-m+fp/hard/crtbegin.o

.data           0x20000000       0x60 load address 0x080036d4
                0x20000000                        . = ALIGN (0x4)
                0x20000000                        _sdata = .
 *(.data)
 *(.data*)
 .data.uwTickFreq
                0x20000000        0x1 build/stm32f4xx_hal.o
                0x20000000                uwTickFreq
 *fill*         0x20000001        0x3 
 .data.uwTickPrio
                0x20000004        0x4 build/stm32f4xx_hal.o
                0x20000004                uwTickPrio
 .data.SystemCoreClock
                0x20000008        0x4 build/system_stm32f4xx.o
                0x20000008                SystemCoreClock
 .data.uxCriticalNesting
                0x2000000c        0x4 build/port.o
 .data._impure_ptr
                0x20000010        0x4 C:/Program Files/Arm/GNU Toolchain mingw-w64-x86_64-arm-none-eabi/bin/../lib/gcc/arm-none-eabi/15.2.1/../../../../arm-none-eabi/lib/thumb/v7e-m+fp/hard\libc_nano.a(libc_a-impure.o)
                0x20000010                _impure_ptr
 .data._impure_data
                0x20000014       0x4c C:/Program Files/Arm/GNU Toolchain mingw-w64-x86_64-arm-none-eabi/bin/../lib/gcc/arm-none-eabi/15.2.1/../../../../arm-none-eabi/lib/thumb/v7e-m+fp/hard\libc_nano.a(libc_a-impure.o)
                0x20000014                _impure_data
 *(.RamFunc)
 *(.RamFunc*)
                0x20000060                        . = ALIGN (0x4)
                0x20000060                        _edata = .
                0x08003734                        _siccmram = LOADADDR (.ccmram)

.tm_clone_table
                0x20000060        0x0 load address 0x08003734
 .tm_clone_table
                0x20000060        0x0 C:/Program Files/Arm/GNU Toolchain mingw-w64-x86_64-arm-none-eabi/bin/../lib/gcc/arm-none-eabi/15.2.1/thumb/v7e-m+fp/hard/crtbegin.o
 .tm_clone_table
                0x20000060        0x0 C:/Program Files/Arm/GNU Toolchain mingw-w64-x86_64-arm-none-eabi/bin/../lib/gcc/arm-none-eabi/15.2.1/thumb/v7e-m+fp/hard/crtend.o

.igot.plt       0x20000060        0x0 load address 0x08003734
 .igot.plt      0x20000060        0x0 C:/Program Files/Arm/GNU Toolchain mingw-w64-x86_64-arm-none-eabi/bin/../lib/gcc/arm-none-eabi/15.2.1/thumb/v7e-m+fp/hard/crtbegin.o

.ccmram         0x10000000        0x0 load address 0x08003734
                0x10000000                        . = ALIGN (0x4)
                0x10000000                        _sccmram = .
 *(.ccmram)
 *(.ccmram*)
                0x10000000                        . = ALIGN (0x4)
                0x10000000                        _eccmram = .
                0x10000000                        . = ALIGN (0x4)

.bss            0x20000060     0x4f04
                0x20000060                        _sbss = .
                0x20000060                        __bss_start__ = _sbss
 *(.bss)
 *(.bss*)
 .bss.completed.1
                0x20000060        0x1 C:/Program Files/Arm/GNU Toolchain mingw-w64-x86_64-arm-none-eabi/bin/../lib/gcc/arm-none-eabi/15.2.1/thumb/v7e-m+fp/hard/crtbegin.o
 *fill*         0x20000061        0x3 
 .bss.object.0  0x20000064       0x18 C:/Program Files/Arm/GNU Toolchain mingw-w64-x86_64-arm-none-eabi/bin/../lib/gcc/arm-none-eabi/15.2.1/thumb/v7e-m+fp/hard/crtbegin.o
 .bss.defaultTaskHandle
                0x2000007c        0x4 build/main.o
                0x2000007c                defaultTaskHandle
 .bss.uwTick    0x20000080        0x4 build/stm32f4xx_hal.o
                0x20000080                uwTick
 .bss.xQueueRegistry
                0x20000084       0x40 build/queue.o
                0x20000084                xQueueRegistry
 .bss.uxSchedulerSuspended
                0x200000c4        0x4 build/tasks.o
 .bss.xIdleTaskHandle
                0x200000c8        0x4 build/tasks.o
 .bss.xNextTaskUnblockTime
                0x200000cc        0x4 build/tasks.o
 .bss.uxTaskNumber
                0x200000d0        0x4 build/tasks.o
 .bss.xNumOfOverflows
                0x200000d4        0x4 build/tasks.o
 .bss.xYieldPending
                0x200000d8        0x4 build/tasks.o
 .bss.xPendedTicks
                0x200000dc        0x4 build/tasks.o
 .bss.xSchedulerRunning
                0x200000e0        0x4 build/tasks.o
 .bss.uxTopReadyPriority
                0x200000e4        0x4 build/tasks.o
 .bss.xTickCount
                0x200000e8        0x4 build/tasks.o
 .bss.uxCurrentNumberOfTasks
                0x200000ec        0x4 build/tasks.o
 .bss.xSuspendedTaskList
                0x200000f0       0x14 build/tasks.o
 .bss.uxDeletedTasksWaitingCleanUp
                0x20000104        0x4 build/tasks.o
 .bss.xTasksWaitingTermination
                0x20000108       0x14 build/tasks.o
 .bss.xPendingReadyList
                0x2000011c       0x14 build/tasks.o
 .bss.pxOverflowDelayedTaskList
                0x20000130        0x4 build/tasks.o
 .bss.pxDelayedTaskList
                0x20000134        0x4 build/tasks.o
 .bss.xDelayedTaskList2
                0x20000138       0x14 build/tasks.o
 .bss.xDelayedTaskList1
                0x2000014c       0x14 build/tasks.o
 .bss.pxReadyTasksLists
                0x20000160      0x460 build/tasks.o
 .bss.pxCurrentTCB
                0x200005c0        0x4 build/tasks.o
                0x200005c0                pxCurrentTCB
 .bss.xStaticTimerQueue.0
                0x200005c4       0x50 build/timers.o
 .bss.ucStaticTimerQueueStorage.1
                0x20000614       0xa0 build/timers.o
 .bss.xLastTime.2
                0x200006b4        0x4 build/timers.o
 .bss.xTimerTaskHandle
                0x200006b8        0x4 build/timers.o
 .bss.xTimerQueue
                0x200006bc        0x4 build/timers.o
 .bss.pxOverflowTimerList
                0x200006c0        0x4 build/timers.o
 .bss.pxCurrentTimerList
                0x200006c4        0x4 build/timers.o
 .bss.xActiveTimerList2
                0x200006c8       0x14 build/timers.o
 .bss.xActiveTimerList1
                0x200006dc       0x14 build/timers.o
 .bss.Timer_Stack.0
                0x200006f0      0x400 build/cmsis_os2.o
 .bss.Timer_TCB.1
                0x20000af0      0x260 build/cmsis_os2.o
 .bss.Idle_Stack.2
                0x20000d50      0x200 build/cmsis_os2.o
 .bss.Idle_TCB.3
                0x20000f50      0x260 build/cmsis_os2.o
 .bss.KernelState
                0x200011b0        0x4 build/cmsis_os2.o
 .bss.xBlockAllocatedBit
                0x200011b4        0x4 build/heap_4.o
 .bss.xNumberOfSuccessfulFrees
                0x200011b8        0x4 build/heap_4.o
 .bss.xNumberOfSuccessfulAllocations
                0x200011bc        0x4 build/heap_4.o
 .bss.xMinimumEverFreeBytesRemaining
                0x200011c0        0x4 build/heap_4.o
 .bss.xFreeBytesRemaining
                0x200011c4        0x4 build/heap_4.o
 .bss.pxEnd     0x200011c8        0x4 build/heap_4.o
 .bss.xStart    0x200011cc        0x8 build/heap_4.o
 .bss.ucHeap    0x200011d4     0x3c00 build/heap_4.o
 .bss.ulMaxPRIGROUPValue
                0x20004dd4        0x4 build/port.o
 .bss.ucMaxSysCallPriority
                0x20004dd8        0x1 build/port.o
 *fill*         0x20004dd9        0x3 
 .bss.htim6     0x20004ddc       0x48 build/stm32f4xx_hal_timebase_tim.o
                0x20004ddc                htim6
 .bss.__sf      0x20004e24      0x138 C:/Program Files/Arm/GNU Toolchain mingw-w64-x86_64-arm-none-eabi/bin/../lib/gcc/arm-none-eabi/15.2.1/../../../../arm-none-eabi/lib/thumb/v7e-m+fp/hard\libc_nano.a(libc_a-findfp.o)
                0x20004e24                __sf
 .bss.__lock___malloc_recursive_mutex
                0x20004f5c        0x1 C:/Program Files/Arm/GNU Toolchain mingw-w64-x86_64-arm-none-eabi/bin/../lib/gcc/arm-none-eabi/15.2.1/../../../../arm-none-eabi/lib/thumb/v7e-m+fp/hard\libc_nano.a(libc_a-lock.o)
                0x20004f5c                __lock___malloc_recursive_mutex
 *fill*         0x20004f5d        0x3 
 .bss.__malloc_free_list
                0x20004f60        0x4 C:/Program Files/Arm/GNU Toolchain mingw-w64-x86_64-arm-none-eabi/bin/../lib/gcc/arm-none-eabi/15.2.1/../../../../arm-none-eabi/lib/thumb/v7e-m+fp/hard\libc_nano.a(libc_a-mallocr.o)
                0x20004f60                __malloc_free_list
 *(COMMON)
                0x20004f64                        . = ALIGN (0x4)
                0x20004f64                        _ebss = .
                0x20004f64                        __bss_end__ = _ebss

._user_heap_stack
                0x20004f64      0x604
                0x20004f68                        . = ALIGN (0x8)
 *fill*         0x20004f64        0x4 
                [!provide]                        PROVIDE (end = .)
                0x20004f68                        PROVIDE (_end = .)
                0x20005168                        . = (. + _Min_Heap_Size)
 *fill*         0x20004f68      0x200 
                0x20005568                        . = (. + _Min_Stack_Size)
 *fill*         0x20005168      0x400 
                0x20005568                        . = ALIGN (0x8)

/DISCARD/
 libc.a(*)
 libm.a(*)
 libgcc.a(*)
OUTPUT(build/FreeRTOS_002_Project.elf elf32-littlearm)
LOAD linker stubs
LOAD C:/Program Files/Arm/GNU Toolchain mingw-w64-x86_64-arm-none-eabi/bin/../lib/gcc/arm-none-eabi/15.2.1/../../../../arm-none-eabi/lib/thumb/v7e-m+fp/hard\libc.a
LOAD C:/Program Files/Arm/GNU Toolchain mingw-w64-x86_64-arm-none-eabi/bin/../lib/gcc/arm-none-eabi/15.2.1/../../../../arm-none-eabi/lib/thumb/v7e-m+fp/hard\libm.a
LOAD C:/Program Files/Arm/GNU Toolchain mingw-w64-x86_64-arm-none-eabi/bin/../lib/gcc/arm-none-eabi/15.2.1/thumb/v7e-m+fp/hard\libgcc.a

.ARM.attributes
                0x00000000       0x30
 .ARM.attributes
                0x00000000       0x22 C:/Program Files/Arm/GNU Toolchain mingw-w64-x86_64-arm-none-eabi/bin/../lib/gcc/arm-none-eabi/15.2.1/thumb/v7e-m+fp/hard/crti.o
 .ARM.attributes
                0x00000022       0x34 C:/Program Files/Arm/GNU Toolchain mingw-w64-x86_64-arm-none-eabi/bin/../lib/gcc/arm-none-eabi/15.2.1/thumb/v7e-m+fp/hard/crtbegin.o
 .ARM.attributes
                0x00000056       0x34 build/main.o
 .ARM.attributes
                0x0000008a       0x34 build/stm32f4xx_it.o
 .ARM.attributes
                0x000000be       0x34 build/stm32f4xx_hal_msp.o
 .ARM.attributes
                0x000000f2       0x34 build/stm32f4xx_hal_rcc.o
 .ARM.attributes
                0x00000126       0x34 build/stm32f4xx_hal_gpio.o
 .ARM.attributes
                0x0000015a       0x34 build/stm32f4xx_hal_cortex.o
 .ARM.attributes
                0x0000018e       0x34 build/stm32f4xx_hal.o
 .ARM.attributes
                0x000001c2       0x34 build/system_stm32f4xx.o
 .ARM.attributes
                0x000001f6       0x34 build/list.o
 .ARM.attributes
                0x0000022a       0x34 build/queue.o
 .ARM.attributes
                0x0000025e       0x34 build/tasks.o
 .ARM.attributes
                0x00000292       0x34 build/timers.o
 .ARM.attributes
                0x000002c6       0x34 build/cmsis_os2.o
 .ARM.attributes
                0x000002fa       0x34 build/heap_4.o
 .ARM.attributes
                0x0000032e       0x34 build/port.o
 .ARM.attributes
                0x00000362       0x34 build/stm32f4xx_hal_timebase_tim.o
 .ARM.attributes
                0x00000396       0x34 build/stm32f4xx_hal_tim.o
 .ARM.attributes
                0x000003ca       0x34 build/stm32f4xx_hal_tim_ex.o
 .ARM.attributes
                0x000003fe       0x21 build/startup_stm32f407xx.o
 .ARM.attributes
                0x0000041f       0x34 C:/Program Files/Arm/GNU Toolchain mingw-w64-x86_64-arm-none-eabi/bin/../lib/gcc/arm-none-eabi/15.2.1/../../../../arm-none-eabi/lib/thumb/v7e-m+fp/hard\libc_nano.a(libc_a-findfp.o)
 .ARM.attributes
                0x00000453       0x34 C:/Program Files/Arm/GNU Toolchain mingw-w64-x86_64-arm-none-eabi/bin/../lib/gcc/arm-none-eabi/15.2.1/../../../../arm-none-eabi/lib/thumb/v7e-m+fp/hard\libc_nano.a(libc_a-memset.o)
 .ARM.attributes
                0x00000487       0x34 C:/Program Files/Arm/GNU Toolchain mingw-w64-x86_64-arm-none-eabi/bin/../lib/gcc/arm-none-eabi/15.2.1/../../../../arm-none-eabi/lib/thumb/v7e-m+fp/hard\libc_nano.a(libc_a-reent.o)
 .ARM.attributes
                0x000004bb       0x34 C:/Program Files/Arm/GNU Toolchain mingw-w64-x86_64-arm-none-eabi/bin/../lib/gcc/arm-none-eabi/15.2.1/../../../../arm-none-eabi/lib/thumb/v7e-m+fp/hard\libc_nano.a(libc_a-impure.o)
 .ARM.attributes
                0x000004ef       0x34 C:/Program Files/Arm/GNU Toolchain mingw-w64-x86_64-arm-none-eabi/bin/../lib/gcc/arm-none-eabi/15.2.1/../../../../arm-none-eabi/lib/thumb/v7e-m+fp/hard\libc_nano.a(libc_a-init.o)
 .ARM.attributes
                0x00000523       0x34 C:/Program Files/Arm/GNU Toolchain mingw-w64-x86_64-arm-none-eabi/bin/../lib/gcc/arm-none-eabi/15.2.1/../../../../arm-none-eabi/lib/thumb/v7e-m+fp/hard\libc_nano.a(libc_a-lock.o)
 .ARM.attributes
                0x00000557       0x34 C:/Program Files/Arm/GNU Toolchain mingw-w64-x86_64-arm-none-eabi/bin/../lib/gcc/arm-none-eabi/15.2.1/../../../../arm-none-eabi/lib/thumb/v7e-m+fp/hard\libc_nano.a(libc_a-memcpy-stub.o)
 .ARM.attributes
                0x0000058b       0x34 C:/Program Files/Arm/GNU Toolchain mingw-w64-x86_64-arm-none-eabi/bin/../lib/gcc/arm-none-eabi/15.2.1/../../../../arm-none-eabi/lib/thumb/v7e-m+fp/hard\libc_nano.a(libc_a-freer.o)
 .ARM.attributes
                0x000005bf       0x34 C:/Program Files/Arm/GNU Toolchain mingw-w64-x86_64-arm-none-eabi/bin/../lib/gcc/arm-none-eabi/15.2.1/../../../../arm-none-eabi/lib/thumb/v7e-m+fp/hard\libc_nano.a(libc_a-mallocr.o)
 .ARM.attributes
                0x000005f3       0x34 C:/Program Files/Arm/GNU Toolchain mingw-w64-x86_64-arm-none-eabi/bin/../lib/gcc/arm-none-eabi/15.2.1/../../../../arm-none-eabi/lib/thumb/v7e-m+fp/hard\libc_nano.a(libc_a-mlock.o)
 .ARM.attributes
                0x00000627       0x22 C:/Program Files/Arm/GNU Toolchain mingw-w64-x86_64-arm-none-eabi/bin/../lib/gcc/arm-none-eabi/15.2.1/thumb/v7e-m+fp/hard\libgcc.a(_aeabi_uldivmod.o)
 .ARM.attributes
                0x00000649       0x34 C:/Program Files/Arm/GNU Toolchain mingw-w64-x86_64-arm-none-eabi/bin/../lib/gcc/arm-none-eabi/15.2.1/thumb/v7e-m+fp/hard\libgcc.a(_udivmoddi4.o)
 .ARM.attributes
                0x0000067d       0x22 C:/Program Files/Arm/GNU Toolchain mingw-w64-x86_64-arm-none-eabi/bin/../lib/gcc/arm-none-eabi/15.2.1/thumb/v7e-m+fp/hard\libgcc.a(_dvmd_tls.o)
 .ARM.attributes
                0x0000069f       0x34 C:/Program Files/Arm/GNU Toolchain mingw-w64-x86_64-arm-none-eabi/bin/../lib/gcc/arm-none-eabi/15.2.1/thumb/v7e-m+fp/hard/crtend.o
 .ARM.attributes
                0x000006d3       0x22 C:/Program Files/Arm/GNU Toolchain mingw-w64-x86_64-arm-none-eabi/bin/../lib/gcc/arm-none-eabi/15.2.1/thumb/v7e-m+fp/hard/crtn.o

.comment        0x00000000       0x45
 .comment       0x00000000       0x45 build/main.o
                                 0x46 (size before relaxing)
 .comment       0x00000045        0x0 build/stm32f4xx_it.o
                                 0x46 (size before relaxing)
 .comment       0x00000045        0x0 build/stm32f4xx_hal_msp.o
                                 0x46 (size before relaxing)
 .comment       0x00000045        0x0 build/stm32f4xx_hal_rcc.o
                                 0x46 (size before relaxing)
 .comment       0x00000045        0x0 build/stm32f4xx_hal_gpio.o
                                 0x46 (size before relaxing)
 .comment       0x00000045        0x0 build/stm32f4xx_hal_cortex.o
                                 0x46 (size before relaxing)
 .comment       0x00000045        0x0 build/stm32f4xx_hal.o
                                 0x46 (size before relaxing)
 .comment       0x00000045        0x0 build/system_stm32f4xx.o
                                 0x46 (size before relaxing)
 .comment       0x00000045        0x0 build/list.o
                                 0x46 (size before relaxing)
 .comment       0x00000045        0x0 build/queue.o
                                 0x46 (size before relaxing)
 .comment       0x00000045        0x0 build/tasks.o
                                 0x46 (size before relaxing)
 .comment       0x00000045        0x0 build/timers.o
                                 0x46 (size before relaxing)
 .comment       0x00000045        0x0 build/cmsis_os2.o
                                 0x46 (size before relaxing)
 .comment       0x00000045        0x0 build/heap_4.o
                                 0x46 (size before relaxing)
 .comment       0x00000045        0x0 build/port.o
                                 0x46 (size before relaxing)
 .comment       0x00000045        0x0 build/stm32f4xx_hal_timebase_tim.o
                                 0x46 (size before relaxing)
 .comment       0x00000045        0x0 build/stm32f4xx_hal_tim.o
                                 0x46 (size before relaxing)
 .comment       0x00000045        0x0 build/stm32f4xx_hal_tim_ex.o
                                 0x46 (size before relaxing)

.debug_info     0x00000000    0x1b9c7
 .debug_info    0x00000000     0x14c0 build/main.o
 .debug_info    0x000014c0      0x7b1 build/stm32f4xx_it.o
 .debug_info    0x00001c71      0x55a build/stm32f4xx_hal_msp.o
 .debug_info    0x000021cb      0xc20 build/stm32f4xx_hal_rcc.o
 .debug_info    0x00002deb      0x84e build/stm32f4xx_hal_gpio.o
 .debug_info    0x00003639     0x11e0 build/stm32f4xx_hal_cortex.o
 .debug_info    0x00004819      0xaf5 build/stm32f4xx_hal.o
 .debug_info    0x0000530e      0x5b3 build/system_stm32f4xx.o
 .debug_info    0x000058c1      0x31b build/list.o
 .debug_info    0x00005bdc     0x2a30 build/queue.o
 .debug_info    0x0000860c     0x3bda build/tasks.o
 .debug_info    0x0000c1e6     0x24c6 build/timers.o
 .debug_info    0x0000e6ac     0x5949 build/cmsis_os2.o
 .debug_info    0x00013ff5      0x60b build/heap_4.o
 .debug_info    0x00014600      0x5c2 build/port.o
 .debug_info    0x00014bc2      0xde4 build/stm32f4xx_hal_timebase_tim.o
 .debug_info    0x000159a6     0x4233 build/stm32f4xx_hal_tim.o
 .debug_info    0x00019bd9     0x1dbe build/stm32f4xx_hal_tim_ex.o
 .debug_info    0x0001b997       0x30 build/startup_stm32f407xx.o

.debug_abbrev   0x00000000     0x32e1
 .debug_abbrev  0x00000000      0x2de build/main.o
 .debug_abbrev  0x000002de      0x17d build/stm32f4xx_it.o
 .debug_abbrev  0x0000045b      0x122 build/stm32f4xx_hal_msp.o
 .debug_abbrev  0x0000057d      0x2de build/stm32f4xx_hal_rcc.o
 .debug_abbrev  0x0000085b      0x23f build/stm32f4xx_hal_gpio.o
 .debug_abbrev  0x00000a9a      0x3ca build/stm32f4xx_hal_cortex.o
 .debug_abbrev  0x00000e64      0x244 build/stm32f4xx_hal.o
 .debug_abbrev  0x000010a8      0x11b build/system_stm32f4xx.o
 .debug_abbrev  0x000011c3      0x124 build/list.o
 .debug_abbrev  0x000012e7      0x42e build/queue.o
 .debug_abbrev  0x00001715      0x4c1 build/tasks.o
 .debug_abbrev  0x00001bd6      0x41d build/timers.o
 .debug_abbrev  0x00001ff3      0x621 build/cmsis_os2.o
 .debug_abbrev  0x00002614      0x260 build/heap_4.o
 .debug_abbrev  0x00002874      0x2af build/port.o
 .debug_abbrev  0x00002b23      0x22d build/stm32f4xx_hal_timebase_tim.o
 .debug_abbrev  0x00002d50      0x2bd build/stm32f4xx_hal_tim.o
 .debug_abbrev  0x0000300d      0x2b7 build/stm32f4xx_hal_tim_ex.o
 .debug_abbrev  0x000032c4       0x1d build/startup_stm32f407xx.o

.debug_loc      0x00000000    0x16af9
 .debug_loc     0x00000000      0x158 build/main.o
 .debug_loc     0x00000158       0x20 build/stm32f4xx_it.o
 .debug_loc     0x00000178       0x38 build/stm32f4xx_hal_msp.o
 .debug_loc     0x000001b0      0x6de build/stm32f4xx_hal_rcc.o
 .debug_loc     0x0000088e      0x5d5 build/stm32f4xx_hal_gpio.o
 .debug_loc     0x00000e63      0x896 build/stm32f4xx_hal_cortex.o
 .debug_loc     0x000016f9      0x1f9 build/stm32f4xx_hal.o
 .debug_loc     0x000018f2       0xb0 build/system_stm32f4xx.o
 .debug_loc     0x000019a2      0x122 build/list.o
 .debug_loc     0x00001ac4     0x21d4 build/queue.o
 .debug_loc     0x00003c98     0x2b89 build/tasks.o
 .debug_loc     0x00006821     0x173b build/timers.o
 .debug_loc     0x00007f5c     0x5e6b build/cmsis_os2.o
 .debug_loc     0x0000ddc7      0x4f2 build/heap_4.o
 .debug_loc     0x0000e2b9      0x1c6 build/port.o
 .debug_loc     0x0000e47f      0x150 build/stm32f4xx_hal_timebase_tim.o
 .debug_loc     0x0000e5cf     0x61b6 build/stm32f4xx_hal_tim.o
 .debug_loc     0x00014785     0x2374 build/stm32f4xx_hal_tim_ex.o

.debug_aranges  0x00000000     0x1140
 .debug_aranges
                0x00000000       0x48 build/main.o
 .debug_aranges
                0x00000048       0x50 build/stm32f4xx_it.o
 .debug_aranges
                0x00000098       0x20 build/stm32f4xx_hal_msp.o
 .debug_aranges
                0x000000b8       0x88 build/stm32f4xx_hal_rcc.o
 .debug_aranges
                0x00000140       0x58 build/stm32f4xx_hal_gpio.o
 .debug_aranges
                0x00000198       0xf8 build/stm32f4xx_hal_cortex.o
 .debug_aranges
                0x00000290       0xf0 build/stm32f4xx_hal.o
 .debug_aranges
                0x00000380       0x28 build/system_stm32f4xx.o
 .debug_aranges
                0x000003a8       0x40 build/list.o
 .debug_aranges
                0x000003e8      0x158 build/queue.o
 .debug_aranges
                0x00000540      0x208 build/tasks.o
 .debug_aranges
                0x00000748       0xf0 build/timers.o
 .debug_aranges
                0x00000838      0x2a0 build/cmsis_os2.o
 .debug_aranges
                0x00000ad8       0x58 build/heap_4.o
 .debug_aranges
                0x00000b30       0x80 build/port.o
 .debug_aranges
                0x00000bb0       0x30 build/stm32f4xx_hal_timebase_tim.o
 .debug_aranges
                0x00000be0      0x3d0 build/stm32f4xx_hal_tim.o
 .debug_aranges
                0x00000fb0      0x168 build/stm32f4xx_hal_tim_ex.o
 .debug_aranges
                0x00001118       0x28 build/startup_stm32f407xx.o

.debug_ranges   0x00000000     0x1238
 .debug_ranges  0x00000000       0x38 build/main.o
 .debug_ranges  0x00000038       0x40 build/stm32f4xx_it.o
 .debug_ranges  0x00000078       0x10 build/stm32f4xx_hal_msp.o
 .debug_ranges  0x00000088       0x90 build/stm32f4xx_hal_rcc.o
 .debug_ranges  0x00000118       0x48 build/stm32f4xx_hal_gpio.o
 .debug_ranges  0x00000160       0xe8 build/stm32f4xx_hal_cortex.o
 .debug_ranges  0x00000248       0xe0 build/stm32f4xx_hal.o
 .debug_ranges  0x00000328       0x18 build/system_stm32f4xx.o
 .debug_ranges  0x00000340       0x30 build/list.o
 .debug_ranges  0x00000370      0x218 build/queue.o
 .debug_ranges  0x00000588      0x318 build/tasks.o
 .debug_ranges  0x000008a0       0xe0 build/timers.o
 .debug_ranges  0x00000980      0x290 build/cmsis_os2.o
 .debug_ranges  0x00000c10       0x48 build/heap_4.o
 .debug_ranges  0x00000c58       0x88 build/port.o
 .debug_ranges  0x00000ce0       0x20 build/stm32f4xx_hal_timebase_tim.o
 .debug_ranges  0x00000d00      0x3c0 build/stm32f4xx_hal_tim.o
 .debug_ranges  0x000010c0      0x158 build/stm32f4xx_hal_tim_ex.o
 .debug_ranges  0x00001218       0x20 build/startup_stm32f407xx.o

.debug_line     0x00000000    0x11d51
 .debug_line    0x00000000      0x638 build/main.o
 .debug_line    0x00000638      0x261 build/stm32f4xx_it.o
 .debug_line    0x00000899      0x1b4 build/stm32f4xx_hal_msp.o
 .debug_line    0x00000a4d      0xbe2 build/stm32f4xx_hal_rcc.o
 .debug_line    0x0000162f      0x70b build/stm32f4xx_hal_gpio.o
 .debug_line    0x00001d3a      0x85b build/stm32f4xx_hal_cortex.o
 .debug_line    0x00002595      0x58b build/stm32f4xx_hal.o
 .debug_line    0x00002b20      0x26f build/system_stm32f4xx.o
 .debug_line    0x00002d8f      0x36f build/list.o
 .debug_line    0x000030fe     0x1ae5 build/queue.o
 .debug_line    0x00004be3     0x2684 build/tasks.o
 .debug_line    0x00007267      0xd5c build/timers.o
 .debug_line    0x00007fc3     0x2b84 build/cmsis_os2.o
 .debug_line    0x0000ab47      0x6ed build/heap_4.o
 .debug_line    0x0000b234      0x5d7 build/port.o
 .debug_line    0x0000b80b      0x30b build/stm32f4xx_hal_timebase_tim.o
 .debug_line    0x0000bb16     0x4766 build/stm32f4xx_hal_tim.o
 .debug_line    0x0001027c     0x1a62 build/stm32f4xx_hal_tim_ex.o
 .debug_line    0x00011cde       0x73 build/startup_stm32f407xx.o

.debug_str      0x00000000     0x6703
 .debug_str     0x00000000     0x6703 build/main.o
                               0x101c (size before relaxing)
 .debug_str     0x00006703        0x0 build/stm32f4xx_it.o
                                0x76b (size before relaxing)
 .debug_str     0x00006703        0x0 build/stm32f4xx_hal_msp.o
                                0x7d9 (size before relaxing)
 .debug_str     0x00006703        0x0 build/stm32f4xx_hal_rcc.o
                                0x717 (size before relaxing)
 .debug_str     0x00006703        0x0 build/stm32f4xx_hal_gpio.o
                                0x4f1 (size before relaxing)
 .debug_str     0x00006703        0x0 build/stm32f4xx_hal_cortex.o
                                0xc86 (size before relaxing)
 .debug_str     0x00006703        0x0 build/stm32f4xx_hal.o
                                0xb75 (size before relaxing)
 .debug_str     0x00006703        0x0 build/system_stm32f4xx.o
                                0x386 (size before relaxing)
 .debug_str     0x00006703        0x0 build/list.o
                                0x313 (size before relaxing)
 .debug_str     0x00006703        0x0 build/queue.o
                                0xd29 (size before relaxing)
 .debug_str     0x00006703        0x0 build/tasks.o
                               0x165b (size before relaxing)
 .debug_str     0x00006703        0x0 build/timers.o
                                0xf7d (size before relaxing)
 .debug_str     0x00006703        0x0 build/cmsis_os2.o
                               0x24f8 (size before relaxing)
 .debug_str     0x00006703        0x0 build/heap_4.o
                                0x52c (size before relaxing)
 .debug_str     0x00006703        0x0 build/port.o
                                0x493 (size before relaxing)
 .debug_str     0x00006703        0x0 build/stm32f4xx_hal_timebase_tim.o
                                0xe7d (size before relaxing)
 .debug_str     0x00006703        0x0 build/stm32f4xx_hal_tim.o
                               0x1710 (size before relaxing)
 .debug_str     0x00006703        0x0 build/stm32f4xx_hal_tim_ex.o
                                0xf1c (size before relaxing)
 .debug_str     0x00006703        0x0 build/startup_stm32f407xx.o
                                 0x93 (size before relaxing)

.debug_frame    0x00000000     0x3398
 .debug_frame   0x00000000       0xb8 build/main.o
 .debug_frame   0x000000b8       0x88 build/stm32f4xx_it.o
 .debug_frame   0x00000140       0x2c build/stm32f4xx_hal_msp.o
 .debug_frame   0x0000016c      0x16c build/stm32f4xx_hal_rcc.o
 .debug_frame   0x000002d8       0xd0 build/stm32f4xx_hal_gpio.o
 .debug_frame   0x000003a8      0x214 build/stm32f4xx_hal_cortex.o
 .debug_frame   0x000005bc      0x1ec build/stm32f4xx_hal.o
 .debug_frame   0x000007a8       0x30 build/system_stm32f4xx.o
 .debug_frame   0x000007d8       0x6c build/list.o
 .debug_frame   0x00000844      0x458 build/queue.o
 .debug_frame   0x00000c9c      0x67c build/tasks.o
 .debug_frame   0x00001318      0x300 build/timers.o
 .debug_frame   0x00001618      0x900 build/cmsis_os2.o
 .debug_frame   0x00001f18       0xc0 build/heap_4.o
 .debug_frame   0x00001fd8      0x10c build/port.o
 .debug_frame   0x000020e4       0x54 build/stm32f4xx_hal_timebase_tim.o
 .debug_frame   0x00002138      0xab0 build/stm32f4xx_hal_tim.o
 .debug_frame   0x00002be8      0x3e8 build/stm32f4xx_hal_tim_ex.o
 .debug_frame   0x00002fd0      0x144 C:/Program Files/Arm/GNU Toolchain mingw-w64-x86_64-arm-none-eabi/bin/../lib/gcc/arm-none-eabi/15.2.1/../../../../arm-none-eabi/lib/thumb/v7e-m+fp/hard\libc_nano.a(libc_a-findfp.o)
 .debug_frame   0x00003114       0x20 C:/Program Files/Arm/GNU Toolchain mingw-w64-x86_64-arm-none-eabi/bin/../lib/gcc/arm-none-eabi/15.2.1/../../../../arm-none-eabi/lib/thumb/v7e-m+fp/hard\libc_nano.a(libc_a-memset.o)
 .debug_frame   0x00003134       0x38 C:/Program Files/Arm/GNU Toolchain mingw-w64-x86_64-arm-none-eabi/bin/../lib/gcc/arm-none-eabi/15.2.1/../../../../arm-none-eabi/lib/thumb/v7e-m+fp/hard\libc_nano.a(libc_a-reent.o)
 .debug_frame   0x0000316c       0x2c C:/Program Files/Arm/GNU Toolchain mingw-w64-x86_64-arm-none-eabi/bin/../lib/gcc/arm-none-eabi/15.2.1/../../../../arm-none-eabi/lib/thumb/v7e-m+fp/hard\libc_nano.a(libc_a-init.o)
 .debug_frame   0x00003198       0xb0 C:/Program Files/Arm/GNU Toolchain mingw-w64-x86_64-arm-none-eabi/bin/../lib/gcc/arm-none-eabi/15.2.1/../../../../arm-none-eabi/lib/thumb/v7e-m+fp/hard\libc_nano.a(libc_a-lock.o)
 .debug_frame   0x00003248       0x28 C:/Program Files/Arm/GNU Toolchain mingw-w64-x86_64-arm-none-eabi/bin/../lib/gcc/arm-none-eabi/15.2.1/../../../../arm-none-eabi/lib/thumb/v7e-m+fp/hard\libc_nano.a(libc_a-memcpy-stub.o)
 .debug_frame   0x00003270       0x38 C:/Program Files/Arm/GNU Toolchain mingw-w64-x86_64-arm-none-eabi/bin/../lib/gcc/arm-none-eabi/15.2.1/../../../../arm-none-eabi/lib/thumb/v7e-m+fp/hard\libc_nano.a(libc_a-freer.o)
 .debug_frame   0x000032a8       0x50 C:/Program Files/Arm/GNU Toolchain mingw-w64-x86_64-arm-none-eabi/bin/../lib/gcc/arm-none-eabi/15.2.1/../../../../arm-none-eabi/lib/thumb/v7e-m+fp/hard\libc_nano.a(libc_a-mallocr.o)
 .debug_frame   0x000032f8       0x30 C:/Program Files/Arm/GNU Toolchain mingw-w64-x86_64-arm-none-eabi/bin/../lib/gcc/arm-none-eabi/15.2.1/../../../../arm-none-eabi/lib/thumb/v7e-m+fp/hard\libc_nano.a(libc_a-mlock.o)
 .debug_frame   0x00003328       0x2c C:/Program Files/Arm/GNU Toolchain mingw-w64-x86_64-arm-none-eabi/bin/../lib/gcc/arm-none-eabi/15.2.1/thumb/v7e-m+fp/hard\libgcc.a(_aeabi_uldivmod.o)
 .debug_frame   0x00003354       0x44 C:/Program Files/Arm/GNU Toolchain mingw-w64-x86_64-arm-none-eabi/bin/../lib/gcc/arm-none-eabi/15.2.1/thumb/v7e-m+fp/hard\libgcc.a(_udivmoddi4.o)

.debug_line_str
                0x00000000       0xd9
 .debug_line_str
                0x00000000       0xd9 C:/Program Files/Arm/GNU Toolchain mingw-w64-x86_64-arm-none-eabi/bin/../lib/gcc/arm-none-eabi/15.2.1/thumb/v7e-m+fp/hard\libgcc.a(_aeabi_uldivmod.o)
                                 0xcd (size before relaxing)
 .debug_line_str
                0x000000d9        0x0 C:/Program Files/Arm/GNU Toolchain mingw-w64-x86_64-arm-none-eabi/bin/../lib/gcc/arm-none-eabi/15.2.1/thumb/v7e-m+fp/hard\libgcc.a(_dvmd_tls.o)
                                 0xd1 (size before relaxing)

Cross Reference Table

Symbol                                            File
ADC_IRQHandler                                    build/startup_stm32f407xx.o
AHBPrescTable                                     build/system_stm32f4xx.o
                                                  build/stm32f4xx_hal_rcc.o
APBPrescTable                                     build/system_stm32f4xx.o
                                                  build/stm32f4xx_hal_rcc.o
BusFault_Handler                                  build/stm32f4xx_it.o
CAN1_RX0_IRQHandler                               build/startup_stm32f407xx.o
CAN1_RX1_IRQHandler                               build/startup_stm32f407xx.o
CAN1_SCE_IRQHandler                               build/startup_stm32f407xx.o
CAN1_TX_IRQHandler                                build/startup_stm32f407xx.o
CAN2_RX0_IRQHandler                               build/startup_stm32f407xx.o
CAN2_RX1_IRQHandler                               build/startup_stm32f407xx.o
CAN2_SCE_IRQHandler                               build/startup_stm32f407xx.o
CAN2_TX_IRQHandler                                build/startup_stm32f407xx.o
DCMI_IRQHandler                                   build/startup_stm32f407xx.o
DMA1_Stream0_IRQHandler                           build/startup_stm32f407xx.o
DMA1_Stream1_IRQHandler                           build/startup_stm32f407xx.o
DMA1_Stream2_IRQHandler                           build/startup_stm32f407xx.o
DMA1_Stream3_IRQHandler                           build/startup_stm32f407xx.o
DMA1_Stream4_IRQHandler                           build/startup_stm32f407xx.o
DMA1_Stream5_IRQHandler                           build/startup_stm32f407xx.o
DMA1_Stream6_IRQHandler                           build/startup_stm32f407xx.o
DMA1_Stream7_IRQHandler                           build/startup_stm32f407xx.o
DMA2_Stream0_IRQHandler                           build/startup_stm32f407xx.o
DMA2_Stream1_IRQHandler                           build/startup_stm32f407xx.o
DMA2_Stream2_IRQHandler                           build/startup_stm32f407xx.o
DMA2_Stream3_IRQHandler                           build/startup_stm32f407xx.o
DMA2_Stream4_IRQHandler                           build/startup_stm32f407xx.o
DMA2_Stream5_IRQHandler                           build/startup_stm32f407xx.o
DMA2_Stream6_IRQHandler                           build/startup_stm32f407xx.o
DMA2_Stream7_IRQHandler                           build/startup_stm32f407xx.o
DebugMon_Handler                                  build/stm32f4xx_it.o
Default_Handler                                   build/startup_stm32f407xx.o
ETH_IRQHandler                                    build/startup_stm32f407xx.o
ETH_WKUP_IRQHandler                               build/startup_stm32f407xx.o
EXTI0_IRQHandler                                  build/startup_stm32f407xx.o
EXTI15_10_IRQHandler                              build/startup_stm32f407xx.o
EXTI1_IRQHandler                                  build/startup_stm32f407xx.o
EXTI2_IRQHandler                                  build/startup_stm32f407xx.o
EXTI3_IRQHandler                                  build/startup_stm32f407xx.o
EXTI4_IRQHandler                                  build/startup_stm32f407xx.o
EXTI9_5_IRQHandler                                build/startup_stm32f407xx.o
Error_Handler                                     build/main.o
FLASH_Erase_Sector                                build/stm32f4xx_hal_flash_ex.o
                                                  build/stm32f4xx_hal_flash.o
FLASH_FlushCaches                                 build/stm32f4xx_hal_flash_ex.o
                                                  build/stm32f4xx_hal_flash.o
FLASH_IRQHandler                                  build/startup_stm32f407xx.o
FLASH_WaitForLastOperation                        build/stm32f4xx_hal_flash.o
                                                  build/stm32f4xx_hal_flash_ex.o
FPU_IRQHandler                                    build/startup_stm32f407xx.o
FSMC_IRQHandler                                   build/startup_stm32f407xx.o
HAL_CORTEX_ClearEvent                             build/stm32f4xx_hal_cortex.o
HAL_DBGMCU_DisableDBGSleepMode                    build/stm32f4xx_hal.o
HAL_DBGMCU_DisableDBGStandbyMode                  build/stm32f4xx_hal.o
HAL_DBGMCU_DisableDBGStopMode                     build/stm32f4xx_hal.o
HAL_DBGMCU_EnableDBGSleepMode                     build/stm32f4xx_hal.o
HAL_DBGMCU_EnableDBGStandbyMode                   build/stm32f4xx_hal.o
HAL_DBGMCU_EnableDBGStopMode                      build/stm32f4xx_hal.o
HAL_DMAEx_ChangeMemory                            build/stm32f4xx_hal_dma_ex.o
HAL_DMAEx_MultiBufferStart                        build/stm32f4xx_hal_dma_ex.o
HAL_DMAEx_MultiBufferStart_IT                     build/stm32f4xx_hal_dma_ex.o
HAL_DMA_Abort                                     build/stm32f4xx_hal_dma.o
HAL_DMA_Abort_IT                                  build/stm32f4xx_hal_dma.o
                                                  build/stm32f4xx_hal_tim_ex.o
                                                  build/stm32f4xx_hal_tim.o
HAL_DMA_DeInit                                    build/stm32f4xx_hal_dma.o
HAL_DMA_GetError                                  build/stm32f4xx_hal_dma.o
HAL_DMA_GetState                                  build/stm32f4xx_hal_dma.o
HAL_DMA_IRQHandler                                build/stm32f4xx_hal_dma.o
HAL_DMA_Init                                      build/stm32f4xx_hal_dma.o
HAL_DMA_PollForTransfer                           build/stm32f4xx_hal_dma.o
HAL_DMA_RegisterCallback                          build/stm32f4xx_hal_dma.o
HAL_DMA_Start                                     build/stm32f4xx_hal_dma.o
HAL_DMA_Start_IT                                  build/stm32f4xx_hal_dma.o
                                                  build/stm32f4xx_hal_tim_ex.o
                                                  build/stm32f4xx_hal_tim.o
HAL_DMA_UnRegisterCallback                        build/stm32f4xx_hal_dma.o
HAL_DeInit                                        build/stm32f4xx_hal.o
HAL_Delay                                         build/stm32f4xx_hal.o
HAL_DisableCompensationCell                       build/stm32f4xx_hal.o
HAL_EXTI_ClearConfigLine                          build/stm32f4xx_hal_exti.o
HAL_EXTI_ClearPending                             build/stm32f4xx_hal_exti.o
HAL_EXTI_GenerateSWI                              build/stm32f4xx_hal_exti.o
HAL_EXTI_GetConfigLine                            build/stm32f4xx_hal_exti.o
HAL_EXTI_GetHandle                                build/stm32f4xx_hal_exti.o
HAL_EXTI_GetPending                               build/stm32f4xx_hal_exti.o
HAL_EXTI_IRQHandler                               build/stm32f4xx_hal_exti.o
HAL_EXTI_RegisterCallback                         build/stm32f4xx_hal_exti.o
HAL_EXTI_SetConfigLine                            build/stm32f4xx_hal_exti.o
HAL_EnableCompensationCell                        build/stm32f4xx_hal.o
HAL_FLASHEx_Erase                                 build/stm32f4xx_hal_flash_ex.o
HAL_FLASHEx_Erase_IT                              build/stm32f4xx_hal_flash_ex.o
HAL_FLASHEx_OBGetConfig                           build/stm32f4xx_hal_flash_ex.o
HAL_FLASHEx_OBProgram                             build/stm32f4xx_hal_flash_ex.o
HAL_FLASH_EndOfOperationCallback                  build/stm32f4xx_hal_flash.o
HAL_FLASH_GetError                                build/stm32f4xx_hal_flash.o
HAL_FLASH_IRQHandler                              build/stm32f4xx_hal_flash.o
HAL_FLASH_Lock                                    build/stm32f4xx_hal_flash.o
HAL_FLASH_OB_Launch                               build/stm32f4xx_hal_flash.o
HAL_FLASH_OB_Lock                                 build/stm32f4xx_hal_flash.o
HAL_FLASH_OB_Unlock                               build/stm32f4xx_hal_flash.o
HAL_FLASH_OperationErrorCallback                  build/stm32f4xx_hal_flash.o
HAL_FLASH_Program                                 build/stm32f4xx_hal_flash.o
HAL_FLASH_Program_IT                              build/stm32f4xx_hal_flash.o
HAL_FLASH_Unlock                                  build/stm32f4xx_hal_flash.o
HAL_GPIO_DeInit                                   build/stm32f4xx_hal_gpio.o
HAL_GPIO_EXTI_Callback                            build/stm32f4xx_hal_gpio.o
HAL_GPIO_EXTI_IRQHandler                          build/stm32f4xx_hal_gpio.o
HAL_GPIO_Init                                     build/stm32f4xx_hal_gpio.o
                                                  build/stm32f4xx_hal_rcc.o
                                                  build/main.o
HAL_GPIO_LockPin                                  build/stm32f4xx_hal_gpio.o
HAL_GPIO_ReadPin                                  build/stm32f4xx_hal_gpio.o
HAL_GPIO_TogglePin                                build/stm32f4xx_hal_gpio.o
HAL_GPIO_WritePin                                 build/stm32f4xx_hal_gpio.o
                                                  build/main.o
HAL_GetDEVID                                      build/stm32f4xx_hal.o
HAL_GetHalVersion                                 build/stm32f4xx_hal.o
HAL_GetREVID                                      build/stm32f4xx_hal.o
HAL_GetTick                                       build/stm32f4xx_hal.o
                                                  build/stm32f4xx_hal_pwr_ex.o
                                                  build/stm32f4xx_hal_dma.o
                                                  build/stm32f4xx_hal_flash.o
                                                  build/stm32f4xx_hal_rcc_ex.o
                                                  build/stm32f4xx_hal_rcc.o
HAL_GetTickFreq                                   build/stm32f4xx_hal.o
HAL_GetTickPrio                                   build/stm32f4xx_hal.o
HAL_GetUIDw0                                      build/stm32f4xx_hal.o
HAL_GetUIDw1                                      build/stm32f4xx_hal.o
HAL_GetUIDw2                                      build/stm32f4xx_hal.o
HAL_IncTick                                       build/stm32f4xx_hal.o
                                                  build/main.o
HAL_Init                                          build/stm32f4xx_hal.o
                                                  build/main.o
HAL_InitTick                                      build/stm32f4xx_hal_timebase_tim.o
                                                  build/stm32f4xx_hal.o
                                                  build/stm32f4xx_hal_rcc_ex.o
                                                  build/stm32f4xx_hal_rcc.o
HAL_MPU_ConfigRegion                              build/stm32f4xx_hal_cortex.o
HAL_MPU_Disable                                   build/stm32f4xx_hal_cortex.o
HAL_MPU_DisableRegion                             build/stm32f4xx_hal_cortex.o
HAL_MPU_Enable                                    build/stm32f4xx_hal_cortex.o
HAL_MPU_EnableRegion                              build/stm32f4xx_hal_cortex.o
HAL_MspDeInit                                     build/stm32f4xx_hal.o
HAL_MspInit                                       build/stm32f4xx_hal_msp.o
HAL_NVIC_ClearPendingIRQ                          build/stm32f4xx_hal_cortex.o
HAL_NVIC_DisableIRQ                               build/stm32f4xx_hal_cortex.o
HAL_NVIC_EnableIRQ                                build/stm32f4xx_hal_cortex.o
                                                  build/stm32f4xx_hal_timebase_tim.o
HAL_NVIC_GetActive                                build/stm32f4xx_hal_cortex.o
HAL_NVIC_GetPendingIRQ                            build/stm32f4xx_hal_cortex.o
HAL_NVIC_GetPriority                              build/stm32f4xx_hal_cortex.o
HAL_NVIC_GetPriorityGrouping                      build/stm32f4xx_hal_cortex.o
HAL_NVIC_SetPendingIRQ                            build/stm32f4xx_hal_cortex.o
HAL_NVIC_SetPriority                              build/stm32f4xx_hal_cortex.o
                                                  build/stm32f4xx_hal_timebase_tim.o
                                                  build/stm32f4xx_hal.o
                                                  build/stm32f4xx_hal_msp.o
HAL_NVIC_SetPriorityGrouping                      build/stm32f4xx_hal_cortex.o
                                                  build/stm32f4xx_hal.o
HAL_NVIC_SystemReset                              build/stm32f4xx_hal_cortex.o
HAL_PWREx_ControlVoltageScaling                   build/stm32f4xx_hal_pwr_ex.o
HAL_PWREx_DisableBkUpReg                          build/stm32f4xx_hal_pwr_ex.o
HAL_PWREx_DisableFlashPowerDown                   build/stm32f4xx_hal_pwr_ex.o
HAL_PWREx_EnableBkUpReg                           build/stm32f4xx_hal_pwr_ex.o
HAL_PWREx_EnableFlashPowerDown                    build/stm32f4xx_hal_pwr_ex.o
HAL_PWREx_GetVoltageRange                         build/stm32f4xx_hal_pwr_ex.o
HAL_PWR_ConfigPVD                                 build/stm32f4xx_hal_pwr.o
HAL_PWR_DeInit                                    build/stm32f4xx_hal_pwr.o
HAL_PWR_DisableBkUpAccess                         build/stm32f4xx_hal_pwr.o
HAL_PWR_DisablePVD                                build/stm32f4xx_hal_pwr.o
HAL_PWR_DisableSEVOnPend                          build/stm32f4xx_hal_pwr.o
HAL_PWR_DisableSleepOnExit                        build/stm32f4xx_hal_pwr.o
HAL_PWR_DisableWakeUpPin                          build/stm32f4xx_hal_pwr.o
HAL_PWR_EnableBkUpAccess                          build/stm32f4xx_hal_pwr.o
HAL_PWR_EnablePVD                                 build/stm32f4xx_hal_pwr.o
HAL_PWR_EnableSEVOnPend                           build/stm32f4xx_hal_pwr.o
HAL_PWR_EnableSleepOnExit                         build/stm32f4xx_hal_pwr.o
HAL_PWR_EnableWakeUpPin                           build/stm32f4xx_hal_pwr.o
HAL_PWR_EnterSLEEPMode                            build/stm32f4xx_hal_pwr.o
HAL_PWR_EnterSTANDBYMode                          build/stm32f4xx_hal_pwr.o
HAL_PWR_EnterSTOPMode                             build/stm32f4xx_hal_pwr.o
HAL_PWR_PVDCallback                               build/stm32f4xx_hal_pwr.o
HAL_PWR_PVD_IRQHandler                            build/stm32f4xx_hal_pwr.o
HAL_RCCEx_DisablePLLI2S                           build/stm32f4xx_hal_rcc_ex.o
HAL_RCCEx_EnablePLLI2S                            build/stm32f4xx_hal_rcc_ex.o
HAL_RCCEx_GetPeriphCLKConfig                      build/stm32f4xx_hal_rcc_ex.o
HAL_RCCEx_GetPeriphCLKFreq                        build/stm32f4xx_hal_rcc_ex.o
HAL_RCCEx_PeriphCLKConfig                         build/stm32f4xx_hal_rcc_ex.o
HAL_RCC_CSSCallback                               build/stm32f4xx_hal_rcc.o
HAL_RCC_ClockConfig                               build/stm32f4xx_hal_rcc.o
                                                  build/main.o
HAL_RCC_DeInit                                    build/stm32f4xx_hal_rcc_ex.o
                                                  build/stm32f4xx_hal_rcc.o
HAL_RCC_DisableCSS                                build/stm32f4xx_hal_rcc.o
HAL_RCC_EnableCSS                                 build/stm32f4xx_hal_rcc.o
HAL_RCC_GetClockConfig                            build/stm32f4xx_hal_rcc.o
                                                  build/stm32f4xx_hal_timebase_tim.o
HAL_RCC_GetHCLKFreq                               build/stm32f4xx_hal_rcc.o
HAL_RCC_GetOscConfig                              build/stm32f4xx_hal_rcc.o
HAL_RCC_GetPCLK1Freq                              build/stm32f4xx_hal_rcc.o
                                                  build/stm32f4xx_hal_timebase_tim.o
HAL_RCC_GetPCLK2Freq                              build/stm32f4xx_hal_rcc.o
HAL_RCC_GetSysClockFreq                           build/stm32f4xx_hal_rcc.o
HAL_RCC_MCOConfig                                 build/stm32f4xx_hal_rcc.o
HAL_RCC_NMI_IRQHandler                            build/stm32f4xx_hal_rcc.o
HAL_RCC_OscConfig                                 build/stm32f4xx_hal_rcc.o
                                                  build/main.o
HAL_ResumeTick                                    build/stm32f4xx_hal_timebase_tim.o
                                                  build/stm32f4xx_hal.o
HAL_SYSTICK_CLKSourceConfig                       build/stm32f4xx_hal_cortex.o
HAL_SYSTICK_Callback                              build/stm32f4xx_hal_cortex.o
HAL_SYSTICK_Config                                build/stm32f4xx_hal_cortex.o
                                                  build/stm32f4xx_hal.o
HAL_SYSTICK_IRQHandler                            build/stm32f4xx_hal_cortex.o
HAL_SetTickFreq                                   build/stm32f4xx_hal.o
HAL_SuspendTick                                   build/stm32f4xx_hal_timebase_tim.o
                                                  build/stm32f4xx_hal.o
HAL_TIMEx_BreakCallback                           build/stm32f4xx_hal_tim_ex.o
                                                  build/stm32f4xx_hal_tim.o
HAL_TIMEx_CommutCallback                          build/stm32f4xx_hal_tim_ex.o
                                                  build/stm32f4xx_hal_tim.o
HAL_TIMEx_CommutHalfCpltCallback                  build/stm32f4xx_hal_tim_ex.o
HAL_TIMEx_ConfigBreakDeadTime                     build/stm32f4xx_hal_tim_ex.o
HAL_TIMEx_ConfigCommutEvent                       build/stm32f4xx_hal_tim_ex.o
HAL_TIMEx_ConfigCommutEvent_DMA                   build/stm32f4xx_hal_tim_ex.o
HAL_TIMEx_ConfigCommutEvent_IT                    build/stm32f4xx_hal_tim_ex.o
HAL_TIMEx_GetChannelNState                        build/stm32f4xx_hal_tim_ex.o
HAL_TIMEx_HallSensor_DeInit                       build/stm32f4xx_hal_tim_ex.o
HAL_TIMEx_HallSensor_GetState                     build/stm32f4xx_hal_tim_ex.o
HAL_TIMEx_HallSensor_Init                         build/stm32f4xx_hal_tim_ex.o
HAL_TIMEx_HallSensor_MspDeInit                    build/stm32f4xx_hal_tim_ex.o
HAL_TIMEx_HallSensor_MspInit                      build/stm32f4xx_hal_tim_ex.o
HAL_TIMEx_HallSensor_Start                        build/stm32f4xx_hal_tim_ex.o
HAL_TIMEx_HallSensor_Start_DMA                    build/stm32f4xx_hal_tim_ex.o
HAL_TIMEx_HallSensor_Start_IT                     build/stm32f4xx_hal_tim_ex.o
HAL_TIMEx_HallSensor_Stop                         build/stm32f4xx_hal_tim_ex.o
HAL_TIMEx_HallSensor_Stop_DMA                     build/stm32f4xx_hal_tim_ex.o
HAL_TIMEx_HallSensor_Stop_IT                      build/stm32f4xx_hal_tim_ex.o
HAL_TIMEx_MasterConfigSynchronization             build/stm32f4xx_hal_tim_ex.o
HAL_TIMEx_OCN_Start                               build/stm32f4xx_hal_tim_ex.o
HAL_TIMEx_OCN_Start_DMA                           build/stm32f4xx_hal_tim_ex.o
HAL_TIMEx_OCN_Start_IT                            build/stm32f4xx_hal_tim_ex.o
HAL_TIMEx_OCN_Stop                                build/stm32f4xx_hal_tim_ex.o
HAL_TIMEx_OCN_Stop_DMA                            build/stm32f4xx_hal_tim_ex.o
HAL_TIMEx_OCN_Stop_IT                             build/stm32f4xx_hal_tim_ex.o
HAL_TIMEx_OnePulseN_Start                         build/stm32f4xx_hal_tim_ex.o
HAL_TIMEx_OnePulseN_Start_IT                      build/stm32f4xx_hal_tim_ex.o
HAL_TIMEx_OnePulseN_Stop                          build/stm32f4xx_hal_tim_ex.o
HAL_TIMEx_OnePulseN_Stop_IT                       build/stm32f4xx_hal_tim_ex.o
HAL_TIMEx_PWMN_Start                              build/stm32f4xx_hal_tim_ex.o
HAL_TIMEx_PWMN_Start_DMA                          build/stm32f4xx_hal_tim_ex.o
HAL_TIMEx_PWMN_Start_IT                           build/stm32f4xx_hal_tim_ex.o
HAL_TIMEx_PWMN_Stop                               build/stm32f4xx_hal_tim_ex.o
HAL_TIMEx_PWMN_Stop_DMA                           build/stm32f4xx_hal_tim_ex.o
HAL_TIMEx_PWMN_Stop_IT                            build/stm32f4xx_hal_tim_ex.o
HAL_TIMEx_RemapConfig                             build/stm32f4xx_hal_tim_ex.o
HAL_TIM_Base_DeInit                               build/stm32f4xx_hal_tim.o
HAL_TIM_Base_GetState                             build/stm32f4xx_hal_tim.o
HAL_TIM_Base_Init                                 build/stm32f4xx_hal_tim.o
                                                  build/stm32f4xx_hal_timebase_tim.o
HAL_TIM_Base_MspDeInit                            build/stm32f4xx_hal_tim.o
HAL_TIM_Base_MspInit                              build/stm32f4xx_hal_tim.o
HAL_TIM_Base_Start                                build/stm32f4xx_hal_tim.o
HAL_TIM_Base_Start_DMA                            build/stm32f4xx_hal_tim.o
HAL_TIM_Base_Start_IT                             build/stm32f4xx_hal_tim.o
                                                  build/stm32f4xx_hal_timebase_tim.o
HAL_TIM_Base_Stop                                 build/stm32f4xx_hal_tim.o
HAL_TIM_Base_Stop_DMA                             build/stm32f4xx_hal_tim.o
HAL_TIM_Base_Stop_IT                              build/stm32f4xx_hal_tim.o
HAL_TIM_ConfigClockSource                         build/stm32f4xx_hal_tim.o
HAL_TIM_ConfigOCrefClear                          build/stm32f4xx_hal_tim.o
HAL_TIM_ConfigTI1Input                            build/stm32f4xx_hal_tim.o
HAL_TIM_DMABurstState                             build/stm32f4xx_hal_tim.o
HAL_TIM_DMABurst_MultiReadStart                   build/stm32f4xx_hal_tim.o
HAL_TIM_DMABurst_MultiWriteStart                  build/stm32f4xx_hal_tim.o
HAL_TIM_DMABurst_ReadStart                        build/stm32f4xx_hal_tim.o
HAL_TIM_DMABurst_ReadStop                         build/stm32f4xx_hal_tim.o
HAL_TIM_DMABurst_WriteStart                       build/stm32f4xx_hal_tim.o
HAL_TIM_DMABurst_WriteStop                        build/stm32f4xx_hal_tim.o
HAL_TIM_Encoder_DeInit                            build/stm32f4xx_hal_tim.o
HAL_TIM_Encoder_GetState                          build/stm32f4xx_hal_tim.o
HAL_TIM_Encoder_Init                              build/stm32f4xx_hal_tim.o
HAL_TIM_Encoder_MspDeInit                         build/stm32f4xx_hal_tim.o
HAL_TIM_Encoder_MspInit                           build/stm32f4xx_hal_tim.o
HAL_TIM_Encoder_Start                             build/stm32f4xx_hal_tim.o
HAL_TIM_Encoder_Start_DMA                         build/stm32f4xx_hal_tim.o
HAL_TIM_Encoder_Start_IT                          build/stm32f4xx_hal_tim.o
HAL_TIM_Encoder_Stop                              build/stm32f4xx_hal_tim.o
HAL_TIM_Encoder_Stop_DMA                          build/stm32f4xx_hal_tim.o
HAL_TIM_Encoder_Stop_IT                           build/stm32f4xx_hal_tim.o
HAL_TIM_ErrorCallback                             build/stm32f4xx_hal_tim.o
                                                  build/stm32f4xx_hal_tim_ex.o
HAL_TIM_GenerateEvent                             build/stm32f4xx_hal_tim.o
HAL_TIM_GetActiveChannel                          build/stm32f4xx_hal_tim.o
HAL_TIM_GetChannelState                           build/stm32f4xx_hal_tim.o
HAL_TIM_IC_CaptureCallback                        build/stm32f4xx_hal_tim.o
HAL_TIM_IC_CaptureHalfCpltCallback                build/stm32f4xx_hal_tim.o
HAL_TIM_IC_ConfigChannel                          build/stm32f4xx_hal_tim.o
HAL_TIM_IC_DeInit                                 build/stm32f4xx_hal_tim.o
HAL_TIM_IC_GetState                               build/stm32f4xx_hal_tim.o
HAL_TIM_IC_Init                                   build/stm32f4xx_hal_tim.o
HAL_TIM_IC_MspDeInit                              build/stm32f4xx_hal_tim.o
HAL_TIM_IC_MspInit                                build/stm32f4xx_hal_tim.o
HAL_TIM_IC_Start                                  build/stm32f4xx_hal_tim.o
HAL_TIM_IC_Start_DMA                              build/stm32f4xx_hal_tim.o
HAL_TIM_IC_Start_IT                               build/stm32f4xx_hal_tim.o
HAL_TIM_IC_Stop                                   build/stm32f4xx_hal_tim.o
HAL_TIM_IC_Stop_DMA                               build/stm32f4xx_hal_tim.o
HAL_TIM_IC_Stop_IT                                build/stm32f4xx_hal_tim.o
HAL_TIM_IRQHandler                                build/stm32f4xx_hal_tim.o
                                                  build/stm32f4xx_it.o
HAL_TIM_OC_ConfigChannel                          build/stm32f4xx_hal_tim.o
HAL_TIM_OC_DeInit                                 build/stm32f4xx_hal_tim.o
HAL_TIM_OC_DelayElapsedCallback                   build/stm32f4xx_hal_tim.o
HAL_TIM_OC_GetState                               build/stm32f4xx_hal_tim.o
HAL_TIM_OC_Init                                   build/stm32f4xx_hal_tim.o
HAL_TIM_OC_MspDeInit                              build/stm32f4xx_hal_tim.o
HAL_TIM_OC_MspInit                                build/stm32f4xx_hal_tim.o
HAL_TIM_OC_Start                                  build/stm32f4xx_hal_tim.o
HAL_TIM_OC_Start_DMA                              build/stm32f4xx_hal_tim.o
HAL_TIM_OC_Start_IT                               build/stm32f4xx_hal_tim.o
HAL_TIM_OC_Stop                                   build/stm32f4xx_hal_tim.o
HAL_TIM_OC_Stop_DMA                               build/stm32f4xx_hal_tim.o
HAL_TIM_OC_Stop_IT                                build/stm32f4xx_hal_tim.o
HAL_TIM_OnePulse_ConfigChannel                    build/stm32f4xx_hal_tim.o
HAL_TIM_OnePulse_DeInit                           build/stm32f4xx_hal_tim.o
HAL_TIM_OnePulse_GetState                         build/stm32f4xx_hal_tim.o
HAL_TIM_OnePulse_Init                             build/stm32f4xx_hal_tim.o
HAL_TIM_OnePulse_MspDeInit                        build/stm32f4xx_hal_tim.o
HAL_TIM_OnePulse_MspInit                          build/stm32f4xx_hal_tim.o
HAL_TIM_OnePulse_Start                            build/stm32f4xx_hal_tim.o
HAL_TIM_OnePulse_Start_IT                         build/stm32f4xx_hal_tim.o
HAL_TIM_OnePulse_Stop                             build/stm32f4xx_hal_tim.o
HAL_TIM_OnePulse_Stop_IT                          build/stm32f4xx_hal_tim.o
HAL_TIM_PWM_ConfigChannel                         build/stm32f4xx_hal_tim.o
HAL_TIM_PWM_DeInit                                build/stm32f4xx_hal_tim.o
HAL_TIM_PWM_GetState                              build/stm32f4xx_hal_tim.o
HAL_TIM_PWM_Init                                  build/stm32f4xx_hal_tim.o
HAL_TIM_PWM_MspDeInit                             build/stm32f4xx_hal_tim.o
HAL_TIM_PWM_MspInit                               build/stm32f4xx_hal_tim.o
HAL_TIM_PWM_PulseFinishedCallback                 build/stm32f4xx_hal_tim.o
                                                  build/stm32f4xx_hal_tim_ex.o
HAL_TIM_PWM_PulseFinishedHalfCpltCallback         build/stm32f4xx_hal_tim.o
HAL_TIM_PWM_Start                                 build/stm32f4xx_hal_tim.o
HAL_TIM_PWM_Start_DMA                             build/stm32f4xx_hal_tim.o
HAL_TIM_PWM_Start_IT                              build/stm32f4xx_hal_tim.o
HAL_TIM_PWM_Stop                                  build/stm32f4xx_hal_tim.o
HAL_TIM_PWM_Stop_DMA                              build/stm32f4xx_hal_tim.o
HAL_TIM_PWM_Stop_IT                               build/stm32f4xx_hal_tim.o
HAL_TIM_PeriodElapsedCallback                     build/main.o
HAL_TIM_PeriodElapsedHalfCpltCallback             build/stm32f4xx_hal_tim.o
HAL_TIM_ReadCapturedValue                         build/stm32f4xx_hal_tim.o
HAL_TIM_SlaveConfigSynchro                        build/stm32f4xx_hal_tim.o
HAL_TIM_SlaveConfigSynchro_IT                     build/stm32f4xx_hal_tim.o
HAL_TIM_TriggerCallback                           build/stm32f4xx_hal_tim.o
HAL_TIM_TriggerHalfCpltCallback                   build/stm32f4xx_hal_tim.o
HASH_RNG_IRQHandler                               build/startup_stm32f407xx.o
HardFault_Handler                                 build/stm32f4xx_it.o
I2C1_ER_IRQHandler                                build/startup_stm32f407xx.o
I2C1_EV_IRQHandler                                build/startup_stm32f407xx.o
I2C2_ER_IRQHandler                                build/startup_stm32f407xx.o
I2C2_EV_IRQHandler                                build/startup_stm32f407xx.o
I2C3_ER_IRQHandler                                build/startup_stm32f407xx.o
I2C3_EV_IRQHandler                                build/startup_stm32f407xx.o
MemManage_Handler                                 build/stm32f4xx_it.o
NMI_Handler                                       build/stm32f4xx_it.o
OTG_FS_IRQHandler                                 build/startup_stm32f407xx.o
OTG_FS_WKUP_IRQHandler                            build/startup_stm32f407xx.o
OTG_HS_EP1_IN_IRQHandler                          build/startup_stm32f407xx.o
OTG_HS_EP1_OUT_IRQHandler                         build/startup_stm32f407xx.o
OTG_HS_IRQHandler                                 build/startup_stm32f407xx.o
OTG_HS_WKUP_IRQHandler                            build/startup_stm32f407xx.o
PVD_IRQHandler                                    build/startup_stm32f407xx.o
PendSV_Handler                                    build/port.o
RCC_IRQHandler                                    build/startup_stm32f407xx.o
RTC_Alarm_IRQHandler                              build/startup_stm32f407xx.o
RTC_WKUP_IRQHandler                               build/startup_stm32f407xx.o
Reset_Handler                                     build/startup_stm32f407xx.o
SDIO_IRQHandler                                   build/startup_stm32f407xx.o
SPI1_IRQHandler                                   build/startup_stm32f407xx.o
SPI2_IRQHandler                                   build/startup_stm32f407xx.o
SPI3_IRQHandler                                   build/startup_stm32f407xx.o
SVC_Handler                                       build/port.o
StartDefaultTask                                  build/main.o
SysTick_Handler                                   build/cmsis_os2.o
SystemClock_Config                                build/main.o
SystemCoreClock                                   build/system_stm32f4xx.o